../Core/Src/syscalls.c:34:20:ITM_PutChar_IfEnabled	16	static
../Core/Src/syscalls.c:45:5:_write	32	static
../Core/Src/syscalls.c:67:6:initialise_monitor_handles	4	static
../Core/Src/syscalls.c:71:5:_getpid	4	static
../Core/Src/syscalls.c:76:5:_kill	16	static
../Core/Src/syscalls.c:84:6:_exit	16	static
../Core/Src/syscalls.c:90:27:_read	32	static
../Core/Src/syscalls.c:104:5:_close	16	static
../Core/Src/syscalls.c:111:5:_fstat	16	static
../Core/Src/syscalls.c:118:5:_isatty	16	static
../Core/Src/syscalls.c:124:5:_lseek	24	static
../Core/Src/syscalls.c:132:5:_open	12	static
../Core/Src/syscalls.c:140:5:_wait	16	static
../Core/Src/syscalls.c:147:5:_unlink	16	static
../Core/Src/syscalls.c:154:5:_times	16	static
../Core/Src/syscalls.c:160:5:_stat	16	static
../Core/Src/syscalls.c:167:5:_link	16	static
../Core/Src/syscalls.c:175:5:_fork	8	static
../Core/Src/syscalls.c:181:5:_execve	24	static
