Archive member included to satisfy reference by file (symbol)

/opt/st/stm32cubeide_1.19.0/plugins/com.st.stm32cube.ide.mcu.externaltools.gnu-tools-for-stm32.13.3.rel1.linux64_1.0.0.202410170706/tools/bin/../lib/gcc/arm-none-eabi/13.3.1/../../../../arm-none-eabi/lib/thumb/v7e-m+fp/hard/libc_nano.a(libc_a-exit.o)
                              /opt/st/stm32cubeide_1.19.0/plugins/com.st.stm32cube.ide.mcu.externaltools.gnu-tools-for-stm32.13.3.rel1.linux64_1.0.0.202410170706/tools/bin/../lib/gcc/arm-none-eabi/13.3.1/../../../../arm-none-eabi/lib/thumb/v7e-m+fp/hard/crt0.o (exit)
/opt/st/stm32cubeide_1.19.0/plugins/com.st.stm32cube.ide.mcu.externaltools.gnu-tools-for-stm32.13.3.rel1.linux64_1.0.0.202410170706/tools/bin/../lib/gcc/arm-none-eabi/13.3.1/../../../../arm-none-eabi/lib/thumb/v7e-m+fp/hard/libc_nano.a(libc_a-malloc.o)
                              ./Middlewares/ST/STM32_USB_Host_Library/Class/CDC/Src/usbh_cdc.o (malloc)
/opt/st/stm32cubeide_1.19.0/plugins/com.st.stm32cube.ide.mcu.externaltools.gnu-tools-for-stm32.13.3.rel1.linux64_1.0.0.202410170706/tools/bin/../lib/gcc/arm-none-eabi/13.3.1/../../../../arm-none-eabi/lib/thumb/v7e-m+fp/hard/libc_nano.a(libc_a-mallocr.o)
                              /opt/st/stm32cubeide_1.19.0/plugins/com.st.stm32cube.ide.mcu.externaltools.gnu-tools-for-stm32.13.3.rel1.linux64_1.0.0.202410170706/tools/bin/../lib/gcc/arm-none-eabi/13.3.1/../../../../arm-none-eabi/lib/thumb/v7e-m+fp/hard/libc_nano.a(libc_a-malloc.o) (_malloc_r)
/opt/st/stm32cubeide_1.19.0/plugins/com.st.stm32cube.ide.mcu.externaltools.gnu-tools-for-stm32.13.3.rel1.linux64_1.0.0.202410170706/tools/bin/../lib/gcc/arm-none-eabi/13.3.1/../../../../arm-none-eabi/lib/thumb/v7e-m+fp/hard/libc_nano.a(libc_a-mlock.o)
                              /opt/st/stm32cubeide_1.19.0/plugins/com.st.stm32cube.ide.mcu.externaltools.gnu-tools-for-stm32.13.3.rel1.linux64_1.0.0.202410170706/tools/bin/../lib/gcc/arm-none-eabi/13.3.1/../../../../arm-none-eabi/lib/thumb/v7e-m+fp/hard/libc_nano.a(libc_a-mallocr.o) (__malloc_lock)
/opt/st/stm32cubeide_1.19.0/plugins/com.st.stm32cube.ide.mcu.externaltools.gnu-tools-for-stm32.13.3.rel1.linux64_1.0.0.202410170706/tools/bin/../lib/gcc/arm-none-eabi/13.3.1/../../../../arm-none-eabi/lib/thumb/v7e-m+fp/hard/libc_nano.a(libc_a-findfp.o)
                              /opt/st/stm32cubeide_1.19.0/plugins/com.st.stm32cube.ide.mcu.externaltools.gnu-tools-for-stm32.13.3.rel1.linux64_1.0.0.202410170706/tools/bin/../lib/gcc/arm-none-eabi/13.3.1/../../../../arm-none-eabi/lib/thumb/v7e-m+fp/hard/libc_nano.a(libc_a-exit.o) (__stdio_exit_handler)
/opt/st/stm32cubeide_1.19.0/plugins/com.st.stm32cube.ide.mcu.externaltools.gnu-tools-for-stm32.13.3.rel1.linux64_1.0.0.202410170706/tools/bin/../lib/gcc/arm-none-eabi/13.3.1/../../../../arm-none-eabi/lib/thumb/v7e-m+fp/hard/libc_nano.a(libc_a-fwalk.o)
                              /opt/st/stm32cubeide_1.19.0/plugins/com.st.stm32cube.ide.mcu.externaltools.gnu-tools-for-stm32.13.3.rel1.linux64_1.0.0.202410170706/tools/bin/../lib/gcc/arm-none-eabi/13.3.1/../../../../arm-none-eabi/lib/thumb/v7e-m+fp/hard/libc_nano.a(libc_a-findfp.o) (_fwalk_sglue)
/opt/st/stm32cubeide_1.19.0/plugins/com.st.stm32cube.ide.mcu.externaltools.gnu-tools-for-stm32.13.3.rel1.linux64_1.0.0.202410170706/tools/bin/../lib/gcc/arm-none-eabi/13.3.1/../../../../arm-none-eabi/lib/thumb/v7e-m+fp/hard/libc_nano.a(libc_a-stdio.o)
                              /opt/st/stm32cubeide_1.19.0/plugins/com.st.stm32cube.ide.mcu.externaltools.gnu-tools-for-stm32.13.3.rel1.linux64_1.0.0.202410170706/tools/bin/../lib/gcc/arm-none-eabi/13.3.1/../../../../arm-none-eabi/lib/thumb/v7e-m+fp/hard/libc_nano.a(libc_a-findfp.o) (__sread)
/opt/st/stm32cubeide_1.19.0/plugins/com.st.stm32cube.ide.mcu.externaltools.gnu-tools-for-stm32.13.3.rel1.linux64_1.0.0.202410170706/tools/bin/../lib/gcc/arm-none-eabi/13.3.1/../../../../arm-none-eabi/lib/thumb/v7e-m+fp/hard/libc_nano.a(libc_a-memset.o)
                              /opt/st/stm32cubeide_1.19.0/plugins/com.st.stm32cube.ide.mcu.externaltools.gnu-tools-for-stm32.13.3.rel1.linux64_1.0.0.202410170706/tools/bin/../lib/gcc/arm-none-eabi/13.3.1/../../../../arm-none-eabi/lib/thumb/v7e-m+fp/hard/crt0.o (memset)
/opt/st/stm32cubeide_1.19.0/plugins/com.st.stm32cube.ide.mcu.externaltools.gnu-tools-for-stm32.13.3.rel1.linux64_1.0.0.202410170706/tools/bin/../lib/gcc/arm-none-eabi/13.3.1/../../../../arm-none-eabi/lib/thumb/v7e-m+fp/hard/libc_nano.a(libc_a-closer.o)
                              /opt/st/stm32cubeide_1.19.0/plugins/com.st.stm32cube.ide.mcu.externaltools.gnu-tools-for-stm32.13.3.rel1.linux64_1.0.0.202410170706/tools/bin/../lib/gcc/arm-none-eabi/13.3.1/../../../../arm-none-eabi/lib/thumb/v7e-m+fp/hard/libc_nano.a(libc_a-stdio.o) (_close_r)
[...]
Memory Configuration

Name             Origin             Length             Attributes
CCMRAM           0x10000000         0x00010000         xrw
RAM              0x20000000         0x00030000         xrw
FLASH            0x08000000         0x00200000         xr
*default*        0x00000000         0xffffffff

Linker script and memory map

LOAD /opt/st/stm32cubeide_1.19.0/plugins/com.st.stm32cube.ide.mcu.externaltools.gnu-tools-for-stm32.13.3.rel1.linux64_1.0.0.202410170706/tools/bin/../lib/gcc/arm-none-eabi/13.3.1/thumb/v7e-m+fp/hard/crti.o
LOAD /opt/st/stm32cubeide_1.19.0/plugins/com.st.stm32cube.ide.mcu.externaltools.gnu-tools-for-stm32.13.3.rel1.linux64_1.0.0.202410170706/tools/bin/../lib/gcc/arm-none-eabi/13.3.1/thumb/v7e-m+fp/hard/crtbegin.o
LOAD /opt/st/stm32cubeide_1.19.0/plugins/com.st.stm32cube.ide.mcu.externaltools.gnu-tools-for-stm32.13.3.rel1.linux64_1.0.0.202410170706/tools/bin/../lib/gcc/arm-none-eabi/13.3.1/../../../../arm-none-eabi/lib/thumb/v7e-m+fp/hard/crt0.o
LOAD ./Core/Src/freertos.o
LOAD ./Core/Src/main.o
LOAD ./Core/Src/stm32f4xx_hal_msp.o
LOAD ./Core/Src/stm32f4xx_hal_timebase_tim.o
LOAD ./Core/Src/stm32f4xx_it.o
LOAD ./Core/Src/syscalls.o
LOAD ./Core/Src/sysmem.o
LOAD ./Core/Src/system_stm32f4xx.o
LOAD ./Core/Startup/startup_stm32f429zitx.o
LOAD ./Drivers/STM32F4xx_HAL_Driver/Src/stm32f4xx_hal.o
LOAD ./Drivers/STM32F4xx_HAL_Driver/Src/stm32f4xx_hal_cortex.o
LOAD ./Drivers/STM32F4xx_HAL_Driver/Src/stm32f4xx_hal_crc.o
LOAD ./Drivers/STM32F4xx_HAL_Driver/Src/stm32f4xx_hal_dma.o
LOAD ./Drivers/STM32F4xx_HAL_Driver/Src/stm32f4xx_hal_dma2d.o
LOAD ./Drivers/STM32F4xx_HAL_Driver/Src/stm32f4xx_hal_dma_ex.o
LOAD ./Drivers/STM32F4xx_HAL_Driver/Src/stm32f4xx_hal_dsi.o
LOAD ./Drivers/STM32F4xx_HAL_Driver/Src/stm32f4xx_hal_exti.o
LOAD ./Drivers/STM32F4xx_HAL_Driver/Src/stm32f4xx_hal_flash.o
LOAD ./Drivers/STM32F4xx_HAL_Driver/Src/stm32f4xx_hal_flash_ex.o
LOAD ./Drivers/STM32F4xx_HAL_Driver/Src/stm32f4xx_hal_flash_ramfunc.o
LOAD ./Drivers/STM32F4xx_HAL_Driver/Src/stm32f4xx_hal_gpio.o
LOAD ./Drivers/STM32F4xx_HAL_Driver/Src/stm32f4xx_hal_hcd.o
LOAD ./Drivers/STM32F4xx_HAL_Driver/Src/stm32f4xx_hal_i2c.o
LOAD ./Drivers/STM32F4xx_HAL_Driver/Src/stm32f4xx_hal_i2c_ex.o
LOAD ./Drivers/STM32F4xx_HAL_Driver/Src/stm32f4xx_hal_ltdc.o
LOAD ./Drivers/STM32F4xx_HAL_Driver/Src/stm32f4xx_hal_ltdc_ex.o
LOAD ./Drivers/STM32F4xx_HAL_Driver/Src/stm32f4xx_hal_nand.o
LOAD ./Drivers/STM32F4xx_HAL_Driver/Src/stm32f4xx_hal_nor.o
LOAD ./Drivers/STM32F4xx_HAL_Driver/Src/stm32f4xx_hal_pccard.o
LOAD ./Drivers/STM32F4xx_HAL_Driver/Src/stm32f4xx_hal_pwr.o
LOAD ./Drivers/STM32F4xx_HAL_Driver/Src/stm32f4xx_hal_pwr_ex.o
LOAD ./Drivers/STM32F4xx_HAL_Driver/Src/stm32f4xx_hal_rcc.o
LOAD ./Drivers/STM32F4xx_HAL_Driver/Src/stm32f4xx_hal_rcc_ex.o
LOAD ./Drivers/STM32F4xx_HAL_Driver/Src/stm32f4xx_hal_sdram.o
LOAD ./Drivers/STM32F4xx_HAL_Driver/Src/stm32f4xx_hal_spi.o
LOAD ./Drivers/STM32F4xx_HAL_Driver/Src/stm32f4xx_hal_sram.o
LOAD ./Drivers/STM32F4xx_HAL_Driver/Src/stm32f4xx_hal_tim.o
LOAD ./Drivers/STM32F4xx_HAL_Driver/Src/stm32f4xx_hal_tim_ex.o
LOAD ./Drivers/STM32F4xx_HAL_Driver/Src/stm32f4xx_hal_uart.o
LOAD ./Drivers/STM32F4xx_HAL_Driver/Src/stm32f4xx_ll_fmc.o
LOAD ./Drivers/STM32F4xx_HAL_Driver/Src/stm32f4xx_ll_usb.o
LOAD ./Middlewares/ST/STM32_USB_Host_Library/Class/CDC/Src/usbh_cdc.o
LOAD ./Middlewares/ST/STM32_USB_Host_Library/Core/Src/usbh_core.o
LOAD ./Middlewares/ST/STM32_USB_Host_Library/Core/Src/usbh_ctlreq.o
LOAD ./Middlewares/ST/STM32_USB_Host_Library/Core/Src/usbh_ioreq.o
LOAD ./Middlewares/ST/STM32_USB_Host_Library/Core/Src/usbh_pipes.o
LOAD ./Middlewares/Third_Party/FreeRTOS/Source/CMSIS_RTOS/cmsis_os.o
LOAD ./Middlewares/Third_Party/FreeRTOS/Source/croutine.o
LOAD ./Middlewares/Third_Party/FreeRTOS/Source/event_groups.o
LOAD ./Middlewares/Third_Party/FreeRTOS/Source/list.o
LOAD ./Middlewares/Third_Party/FreeRTOS/Source/queue.o
LOAD ./Middlewares/Third_Party/FreeRTOS/Source/stream_buffer.o
LOAD ./Middlewares/Third_Party/FreeRTOS/Source/tasks.o
LOAD ./Middlewares/Third_Party/FreeRTOS/Source/timers.o
LOAD ./Middlewares/Third_Party/FreeRTOS/Source/portable/GCC/ARM_CM4F/port.o
LOAD ./Middlewares/Third_Party/FreeRTOS/Source/portable/MemMang/heap_4.o
LOAD ./USB_HOST/App/usb_host.o
LOAD ./USB_HOST/Target/usbh_conf.o
LOAD ./USB_HOST/Target/usbh_platform.o
START GROUP
LOAD /opt/st/stm32cubeide_1.19.0/plugins/com.st.stm32cube.ide.mcu.externaltools.gnu-tools-for-stm32.13.3.rel1.linux64_1.0.0.202410170706/tools/bin/../lib/gcc/arm-none-eabi/13.3.1/../../../../arm-none-eabi/lib/thumb/v7e-m+fp/hard/libc_nano.a
LOAD /opt/st/stm32cubeide_1.19.0/plugins/com.st.stm32cube.ide.mcu.externaltools.gnu-tools-for-stm32.13.3.rel1.linux64_1.0.0.202410170706/tools/bin/../lib/gcc/arm-none-eabi/13.3.1/../../../../arm-none-eabi/lib/thumb/v7e-m+fp/hard/libm.a
END GROUP
START GROUP
LOAD /opt/st/stm32cubeide_1.19.0/plugins/com.st.stm32cube.ide.mcu.externaltools.gnu-tools-for-stm32.13.3.rel1.linux64_1.0.0.202410170706/tools/bin/../lib/gcc/arm-none-eabi/13.3.1/thumb/v7e-m+fp/hard/libgcc.a
LOAD /opt/st/stm32cubeide_1.19.0/plugins/com.st.stm32cube.ide.mcu.externaltools.gnu-tools-for-stm32.13.3.rel1.linux64_1.0.0.202410170706/tools/bin/../lib/gcc/arm-none-eabi/13.3.1/../../../../arm-none-eabi/lib/thumb/v7e-m+fp/hard/libc_nano.a
END GROUP
START GROUP
LOAD /opt/st/stm32cubeide_1.19.0/plugins/com.st.stm32cube.ide.mcu.externaltools.gnu-tools-for-stm32.13.3.rel1.linux64_1.0.0.202410170706/tools/bin/../lib/gcc/arm-none-eabi/13.3.1/thumb/v7e-m+fp/hard/libgcc.a
LOAD /opt/st/stm32cubeide_1.19.0/plugins/com.st.stm32cube.ide.mcu.externaltools.gnu-tools-for-stm32.13.3.rel1.linux64_1.0.0.202410170706/tools/bin/../lib/gcc/arm-none-eabi/13.3.1/../../../../arm-none-eabi/lib/thumb/v7e-m+fp/hard/libc_nano.a
LOAD /opt/st/stm32cubeide_1.19.0/plugins/com.st.stm32cube.ide.mcu.externaltools.gnu-tools-for-stm32.13.3.rel1.linux64_1.0.0.202410170706/tools/bin/../lib/gcc/arm-none-eabi/13.3.1/../../../../arm-none-eabi/lib/thumb/v7e-m+fp/hard/libnosys.a
END GROUP
START GROUP
LOAD /opt/st/stm32cubeide_1.19.0/plugins/com.st.stm32cube.ide.mcu.externaltools.gnu-tools-for-stm32.13.3.rel1.linux64_1.0.0.202410170706/tools/bin/../lib/gcc/arm-none-eabi/13.3.1/thumb/v7e-m+fp/hard/libgcc.a
LOAD /opt/st/stm32cubeide_1.19.0/plugins/com.st.stm32cube.ide.mcu.externaltools.gnu-tools-for-stm32.13.3.rel1.linux64_1.0.0.202410170706/tools/bin/../lib/gcc/arm-none-eabi/13.3.1/../../../../arm-none-eabi/lib/thumb/v7e-m+fp/hard/libc_nano.a
LOAD /opt/st/stm32cubeide_1.19.0/plugins/com.st.stm32cube.ide.mcu.externaltools.gnu-tools-for-stm32.13.3.rel1.linux64_1.0.0.202410170706/tools/bin/../lib/gcc/arm-none-eabi/13.3.1/../../../../arm-none-eabi/lib/thumb/v7e-m+fp/hard/libnosys.a
END GROUP
LOAD /opt/st/stm32cubeide_1.19.0/plugins/com.st.stm32cube.ide.mcu.externaltools.gnu-tools-for-stm32.13.3.rel1.linux64_1.0.0.202410170706/tools/bin/../lib/gcc/arm-none-eabi/13.3.1/thumb/v7e-m+fp/hard/crtend.o
LOAD /opt/st/stm32cubeide_1.19.0/plugins/com.st.stm32cube.ide.mcu.externaltools.gnu-tools-for-stm32.13.3.rel1.linux64_1.0.0.202410170706/tools/bin/../lib/gcc/arm-none-eabi/13.3.1/thumb/v7e-m+fp/hard/crtn.o
                0x20030000                        _estack = (ORIGIN (RAM) + LENGTH (RAM))
                0x00000200                        _Min_Heap_Size = 0x200
                0x00000400                        _Min_Stack_Size = 0x400

.isr_vector     0x08000000      0x1ac
                0x08000000                        . = ALIGN (0x4)
 *(.isr_vector)
 .isr_vector    0x08000000      0x1ac ./Core/Startup/startup_stm32f429zitx.o
                0x08000000                g_pfnVectors
                0x080001ac                        . = ALIGN (0x4)

.text           0x080001b0     0xcee0
                0x080001b0                        . = ALIGN (0x4)
 *(.text)
 .text          0x080001b0       0x40 /opt/st/stm32cubeide_1.19.0/plugins/com.st.stm32cube.ide.mcu.externaltools.gnu-tools-for-stm32.13.3.rel1.linux64_1.0.0.202410170706/tools/bin/../lib/gcc/arm-none-eabi/13.3.1/thumb/v7e-m+fp/hard/crtbegin.o
 .text          0x080001f0       0x30 /opt/st/stm32cubeide_1.19.0/plugins/com.st.stm32cube.ide.mcu.externaltools.gnu-tools-for-stm32.13.3.rel1.linux64_1.0.0.202410170706/tools/bin/../lib/gcc/arm-none-eabi/13.3.1/thumb/v7e-m+fp/hard/libgcc.a(_aeabi_uldivmod.o)
                0x080001f0                __aeabi_uldivmod
 .text          0x08000220      0x2f8 /opt/st/stm32cubeide_1.19.0/plugins/com.st.stm32cube.ide.mcu.externaltools.gnu-tools-for-stm32.13.3.rel1.linux64_1.0.0.202410170706/tools/bin/../lib/gcc/arm-none-eabi/13.3.1/thumb/v7e-m+fp/hard/libgcc.a(_udivmoddi4.o)
                0x08000220                __udivmoddi4
 .text          0x08000518        0x4 /opt/st/stm32cubeide_1.19.0/plugins/com.st.stm32cube.ide.mcu.externaltools.gnu-tools-for-stm32.13.3.rel1.linux64_1.0.0.202410170706/tools/bin/../lib/gcc/arm-none-eabi/13.3.1/thumb/v7e-m+fp/hard/libgcc.a(_dvmd_tls.o)
                0x08000518                __aeabi_ldiv0
                0x08000518                __aeabi_idiv0
 *(.text*)
 .text.vApplicationIdleHook
                0x0800051c        0xe ./Core/Src/freertos.o
                0x0800051c                vApplicationIdleHook
 .text.vApplicationStackOverflowHook
                0x0800052a       0x16 ./Core/Src/freertos.o
                0x0800052a                vApplicationStackOverflowHook
 .text.vApplicationMallocFailedHook
                0x08000540        0xe ./Core/Src/freertos.o
                0x08000540                vApplicationMallocFailedHook
 *fill*         0x0800054e        0x2 
 .text.vApplicationGetIdleTaskMemory
                0x08000550       0x34 ./Core/Src/freertos.o
                0x08000550                vApplicationGetIdleTaskMemory
 .text.main     0x08000584       0x64 ./Core/Src/main.o
                0x08000584                main
 .text.SystemClock_Config
                0x080005e8       0xd4 ./Core/Src/main.o
                0x080005e8                SystemClock_Config
 .text.MX_CRC_Init
                0x080006bc       0x28 ./Core/Src/main.o
 .text.MX_DMA2D_Init
                0x080006e4       0x64 ./Core/Src/main.o
 .text.MX_I2C3_Init
                0x08000748       0x80 ./Core/Src/main.o
 .text.MX_LTDC_Init
                0x080007c8      0x100 ./Core/Src/main.o
 .text.MX_SPI5_Init
                0x080008c8       0x6c ./Core/Src/main.o
 .text.MX_TIM1_Init
                0x08000934       0xa0 ./Core/Src/main.o
 .text.MX_USART1_UART_Init
                0x080009d4       0x54 ./Core/Src/main.o
 .text.MX_FMC_Init
                0x08000a28       0xa0 ./Core/Src/main.o
 .text.MX_GPIO_Init
                0x08000ac8      0x220 ./Core/Src/main.o
 .text.StartDefaultTask
                0x08000ce8       0x28 ./Core/Src/main.o
                0x08000ce8                StartDefaultTask
 .text.HAL_TIM_PeriodElapsedCallback
                0x08000d10       0x24 ./Core/Src/main.o
                0x08000d10                HAL_TIM_PeriodElapsedCallback
 .text.Error_Handler
                0x08000d34        0xc ./Core/Src/main.o
                0x08000d34                Error_Handler
 .text.HAL_MspInit
                0x08000d40       0x58 ./Core/Src/stm32f4xx_hal_msp.o
                0x08000d40                HAL_MspInit
 .text.HAL_CRC_MspInit
                0x08000d98       0x44 ./Core/Src/stm32f4xx_hal_msp.o
                0x08000d98                HAL_CRC_MspInit
 .text.HAL_DMA2D_MspInit
                0x08000ddc       0x50 ./Core/Src/stm32f4xx_hal_msp.o
                0x08000ddc                HAL_DMA2D_MspInit
 .text.HAL_I2C_MspInit
                0x08000e2c       0xd4 ./Core/Src/stm32f4xx_hal_msp.o
                0x08000e2c                HAL_I2C_MspInit
 .text.HAL_LTDC_MspInit
                0x08000f00      0x260 ./Core/Src/stm32f4xx_hal_msp.o
                0x08000f00                HAL_LTDC_MspInit
 .text.HAL_SPI_MspInit
                0x08001160       0x90 ./Core/Src/stm32f4xx_hal_msp.o
                0x08001160                HAL_SPI_MspInit
 .text.HAL_TIM_Base_MspInit
                0x080011f0       0x44 ./Core/Src/stm32f4xx_hal_msp.o
                0x080011f0                HAL_TIM_Base_MspInit
 .text.HAL_UART_MspInit
                0x08001234       0x90 ./Core/Src/stm32f4xx_hal_msp.o
                0x08001234                HAL_UART_MspInit
 .text.HAL_FMC_MspInit
                0x080012c4      0x124 ./Core/Src/stm32f4xx_hal_msp.o
 .text.HAL_SDRAM_MspInit
                0x080013e8       0x14 ./Core/Src/stm32f4xx_hal_msp.o
                0x080013e8                HAL_SDRAM_MspInit
 .text.HAL_InitTick
                0x080013fc       0xf8 ./Core/Src/stm32f4xx_hal_timebase_tim.o
                0x080013fc                HAL_InitTick
 .text.NMI_Handler
                0x080014f4        0x8 ./Core/Src/stm32f4xx_it.o
                0x080014f4                NMI_Handler
 .text.HardFault_Handler
                0x080014fc        0x8 ./Core/Src/stm32f4xx_it.o
                0x080014fc                HardFault_Handler
 .text.MemManage_Handler
                0x08001504        0x8 ./Core/Src/stm32f4xx_it.o
                0x08001504                MemManage_Handler
 .text.BusFault_Handler
                0x0800150c        0x8 ./Core/Src/stm32f4xx_it.o
                0x0800150c                BusFault_Handler
 .text.UsageFault_Handler
                0x08001514        0x8 ./Core/Src/stm32f4xx_it.o
                0x08001514                UsageFault_Handler
 .text.DebugMon_Handler
                0x0800151c        0xe ./Core/Src/stm32f4xx_it.o
                0x0800151c                DebugMon_Handler
 *fill*         0x0800152a        0x2 
 .text.TIM6_DAC_IRQHandler
                0x0800152c       0x14 ./Core/Src/stm32f4xx_it.o
                0x0800152c                TIM6_DAC_IRQHandler
 .text.OTG_HS_IRQHandler
                0x08001540       0x14 ./Core/Src/stm32f4xx_it.o
                0x08001540                OTG_HS_IRQHandler
 .text.LTDC_IRQHandler
                0x08001554       0x14 ./Core/Src/stm32f4xx_it.o
                0x08001554                LTDC_IRQHandler
 .text.DMA2D_IRQHandler
                0x08001568       0x14 ./Core/Src/stm32f4xx_it.o
                0x08001568                DMA2D_IRQHandler
 .text._sbrk    0x0800157c       0x6c ./Core/Src/sysmem.o
                0x0800157c                _sbrk
 .text.SystemInit
                0x080015e8       0x24 ./Core/Src/system_stm32f4xx.o
                0x080015e8                SystemInit
 .text.Reset_Handler
                0x0800160c       0x50 ./Core/Startup/startup_stm32f429zitx.o
                0x0800160c                Reset_Handler
 .text.Default_Handler
                0x0800165c        0x2 ./Core/Startup/startup_stm32f429zitx.o
                0x0800165c                RTC_Alarm_IRQHandler
                0x0800165c                HASH_RNG_IRQHandler
                0x0800165c                EXTI2_IRQHandler
                0x0800165c                TIM8_CC_IRQHandler
                0x0800165c                UART8_IRQHandler
                0x0800165c                SPI4_IRQHandler
                0x0800165c                TIM1_CC_IRQHandler
                0x0800165c                DMA2_Stream5_IRQHandler
                0x0800165c                DMA1_Stream5_IRQHandler
                0x0800165c                PVD_IRQHandler
                0x0800165c                SDIO_IRQHandler
                0x0800165c                TAMP_STAMP_IRQHandler
                0x0800165c                CAN2_RX1_IRQHandler
                0x0800165c                EXTI3_IRQHandler
                0x0800165c                TIM8_TRG_COM_TIM14_IRQHandler
                0x0800165c                TIM1_UP_TIM10_IRQHandler
                0x0800165c                TIM8_UP_TIM13_IRQHandler
                0x0800165c                I2C3_ER_IRQHandler
                0x0800165c                EXTI0_IRQHandler
                0x0800165c                I2C2_EV_IRQHandler
                0x0800165c                DMA1_Stream2_IRQHandler
                0x0800165c                CAN1_RX0_IRQHandler
                0x0800165c                FPU_IRQHandler
                0x0800165c                OTG_HS_WKUP_IRQHandler
                0x0800165c                LTDC_ER_IRQHandler
                0x0800165c                CAN2_SCE_IRQHandler
                0x0800165c                DMA2_Stream2_IRQHandler
                0x0800165c                SPI1_IRQHandler
                0x0800165c                TIM1_BRK_TIM9_IRQHandler
                0x0800165c                DCMI_IRQHandler
                0x0800165c                CAN2_RX0_IRQHandler
                0x0800165c                DMA2_Stream3_IRQHandler
                0x0800165c                USART6_IRQHandler
                0x0800165c                USART3_IRQHandler
                0x0800165c                CAN1_RX1_IRQHandler
                0x0800165c                UART5_IRQHandler
                0x0800165c                DMA2_Stream0_IRQHandler
                0x0800165c                TIM4_IRQHandler
                0x0800165c                I2C1_EV_IRQHandler
                0x0800165c                DMA1_Stream6_IRQHandler
                0x0800165c                DMA1_Stream1_IRQHandler
                0x0800165c                UART4_IRQHandler
                0x0800165c                TIM3_IRQHandler
                0x0800165c                RCC_IRQHandler
                0x0800165c                TIM8_BRK_TIM12_IRQHandler
                0x0800165c                Default_Handler
                0x0800165c                EXTI15_10_IRQHandler
                0x0800165c                ADC_IRQHandler
                0x0800165c                DMA1_Stream7_IRQHandler
                0x0800165c                SPI5_IRQHandler
                0x0800165c                TIM7_IRQHandler
                0x0800165c                CAN2_TX_IRQHandler
                0x0800165c                TIM5_IRQHandler
                0x0800165c                DMA2_Stream7_IRQHandler
                0x0800165c                I2C3_EV_IRQHandler
                0x0800165c                EXTI9_5_IRQHandler
                0x0800165c                RTC_WKUP_IRQHandler
                0x0800165c                ETH_WKUP_IRQHandler
                0x0800165c                SPI2_IRQHandler
                0x0800165c                OTG_HS_EP1_IN_IRQHandler
                0x0800165c                DMA1_Stream0_IRQHandler
                0x0800165c                CAN1_TX_IRQHandler
                0x0800165c                EXTI4_IRQHandler
                0x0800165c                ETH_IRQHandler
                0x0800165c                OTG_HS_EP1_OUT_IRQHandler
                0x0800165c                WWDG_IRQHandler
                0x0800165c                SPI6_IRQHandler
                0x0800165c                TIM2_IRQHandler
                0x0800165c                OTG_FS_WKUP_IRQHandler
                0x0800165c                TIM1_TRG_COM_TIM11_IRQHandler
                0x0800165c                EXTI1_IRQHandler
                0x0800165c                UART7_IRQHandler
                0x0800165c                USART2_IRQHandler
                0x0800165c                I2C2_ER_IRQHandler
                0x0800165c                DMA2_Stream1_IRQHandler
                0x0800165c                CAN1_SCE_IRQHandler
                0x0800165c                FLASH_IRQHandler
                0x0800165c                DMA2_Stream4_IRQHandler
                0x0800165c                USART1_IRQHandler
                0x0800165c                OTG_FS_IRQHandler
                0x0800165c                SPI3_IRQHandler
                0x0800165c                DMA1_Stream4_IRQHandler
                0x0800165c                I2C1_ER_IRQHandler
                0x0800165c                FMC_IRQHandler
                0x0800165c                DMA2_Stream6_IRQHandler
                0x0800165c                SAI1_IRQHandler
                0x0800165c                DMA1_Stream3_IRQHandler
 *fill*         0x0800165e        0x2 
 .text.HAL_Init
                0x08001660       0x44 ./Drivers/STM32F4xx_HAL_Driver/Src/stm32f4xx_hal.o
                0x08001660                HAL_Init
 .text.HAL_IncTick
                0x080016a4       0x28 ./Drivers/STM32F4xx_HAL_Driver/Src/stm32f4xx_hal.o
                0x080016a4                HAL_IncTick
 .text.HAL_GetTick
                0x080016cc       0x18 ./Drivers/STM32F4xx_HAL_Driver/Src/stm32f4xx_hal.o
                0x080016cc                HAL_GetTick
 .text.HAL_Delay
                0x080016e4       0x48 ./Drivers/STM32F4xx_HAL_Driver/Src/stm32f4xx_hal.o
                0x080016e4                HAL_Delay
 .text.__NVIC_SetPriorityGrouping
                0x0800172c       0x48 ./Drivers/STM32F4xx_HAL_Driver/Src/stm32f4xx_hal_cortex.o
 .text.__NVIC_GetPriorityGrouping
                0x08001774       0x1c ./Drivers/STM32F4xx_HAL_Driver/Src/stm32f4xx_hal_cortex.o
 .text.__NVIC_EnableIRQ
                0x08001790       0x3c ./Drivers/STM32F4xx_HAL_Driver/Src/stm32f4xx_hal_cortex.o
 .text.__NVIC_SetPriority
                0x080017cc       0x54 ./Drivers/STM32F4xx_HAL_Driver/Src/stm32f4xx_hal_cortex.o
 .text.NVIC_EncodePriority
                0x08001820       0x66 ./Drivers/STM32F4xx_HAL_Driver/Src/stm32f4xx_hal_cortex.o
 .text.HAL_NVIC_SetPriorityGrouping
                0x08001886       0x16 ./Drivers/STM32F4xx_HAL_Driver/Src/stm32f4xx_hal_cortex.o
                0x08001886                HAL_NVIC_SetPriorityGrouping
 .text.HAL_NVIC_SetPriority
                0x0800189c       0x38 ./Drivers/STM32F4xx_HAL_Driver/Src/stm32f4xx_hal_cortex.o
                0x0800189c                HAL_NVIC_SetPriority
 .text.HAL_NVIC_EnableIRQ
                0x080018d4       0x1c ./Drivers/STM32F4xx_HAL_Driver/Src/stm32f4xx_hal_cortex.o
                0x080018d4                HAL_NVIC_EnableIRQ
 .text.HAL_CRC_Init
                0x080018f0       0x38 ./Drivers/STM32F4xx_HAL_Driver/Src/stm32f4xx_hal_crc.o
                0x080018f0                HAL_CRC_Init
 .text.HAL_DMA2D_Init
                0x08001928       0x92 ./Drivers/STM32F4xx_HAL_Driver/Src/stm32f4xx_hal_dma2d.o
                0x08001928                HAL_DMA2D_Init
 .text.HAL_DMA2D_IRQHandler
                0x080019ba      0x1f8 ./Drivers/STM32F4xx_HAL_Driver/Src/stm32f4xx_hal_dma2d.o
                0x080019ba                HAL_DMA2D_IRQHandler
 .text.HAL_DMA2D_LineEventCallback
                0x08001bb2       0x14 ./Drivers/STM32F4xx_HAL_Driver/Src/stm32f4xx_hal_dma2d.o
                0x08001bb2                HAL_DMA2D_LineEventCallback
 .text.HAL_DMA2D_CLUTLoadingCpltCallback
                0x08001bc6       0x14 ./Drivers/STM32F4xx_HAL_Driver/Src/stm32f4xx_hal_dma2d.o
                0x08001bc6                HAL_DMA2D_CLUTLoadingCpltCallback
 *fill*         0x08001bda        0x2 
 .text.HAL_DMA2D_ConfigLayer
                0x08001bdc      0x124 ./Drivers/STM32F4xx_HAL_Driver/Src/stm32f4xx_hal_dma2d.o
                0x08001bdc                HAL_DMA2D_ConfigLayer
 .text.HAL_GPIO_Init
                0x08001d00      0x358 ./Drivers/STM32F4xx_HAL_Driver/Src/stm32f4xx_hal_gpio.o
                0x08001d00                HAL_GPIO_Init
 .text.HAL_GPIO_WritePin
                0x08002058       0x32 ./Drivers/STM32F4xx_HAL_Driver/Src/stm32f4xx_hal_gpio.o
                0x08002058                HAL_GPIO_WritePin
 .text.HAL_GPIO_TogglePin
                0x0800208a       0x34 ./Drivers/STM32F4xx_HAL_Driver/Src/stm32f4xx_hal_gpio.o
                0x0800208a                HAL_GPIO_TogglePin
 .text.HAL_HCD_Init
                0x080020be       0xce ./Drivers/STM32F4xx_HAL_Driver/Src/stm32f4xx_hal_hcd.o
                0x080020be                HAL_HCD_Init
 .text.HAL_HCD_HC_Init
                0x0800218c      0x170 ./Drivers/STM32F4xx_HAL_Driver/Src/stm32f4xx_hal_hcd.o
                0x0800218c                HAL_HCD_HC_Init
 .text.HAL_HCD_HC_SubmitRequest
                0x080022fc      0x33c ./Drivers/STM32F4xx_HAL_Driver/Src/stm32f4xx_hal_hcd.o
                0x080022fc                HAL_HCD_HC_SubmitRequest
 .text.HAL_HCD_IRQHandler
                0x08002638      0x220 ./Drivers/STM32F4xx_HAL_Driver/Src/stm32f4xx_hal_hcd.o
                0x08002638                HAL_HCD_IRQHandler
 .text.HAL_HCD_Start
                0x08002858       0x46 ./Drivers/STM32F4xx_HAL_Driver/Src/stm32f4xx_hal_hcd.o
                0x08002858                HAL_HCD_Start
 .text.HAL_HCD_Stop
                0x0800289e       0x3a ./Drivers/STM32F4xx_HAL_Driver/Src/stm32f4xx_hal_hcd.o
                0x0800289e                HAL_HCD_Stop
 .text.HAL_HCD_ResetPort
                0x080028d8       0x1c ./Drivers/STM32F4xx_HAL_Driver/Src/stm32f4xx_hal_hcd.o
                0x080028d8                HAL_HCD_ResetPort
 .text.HAL_HCD_HC_GetURBState
                0x080028f4       0x2a ./Drivers/STM32F4xx_HAL_Driver/Src/stm32f4xx_hal_hcd.o
                0x080028f4                HAL_HCD_HC_GetURBState
 .text.HAL_HCD_HC_GetXferCount
                0x0800291e       0x2a ./Drivers/STM32F4xx_HAL_Driver/Src/stm32f4xx_hal_hcd.o
                0x0800291e                HAL_HCD_HC_GetXferCount
 .text.HAL_HCD_GetCurrentFrame
                0x08002948       0x1c ./Drivers/STM32F4xx_HAL_Driver/Src/stm32f4xx_hal_hcd.o
                0x08002948                HAL_HCD_GetCurrentFrame
 .text.HAL_HCD_GetCurrentSpeed
                0x08002964       0x1c ./Drivers/STM32F4xx_HAL_Driver/Src/stm32f4xx_hal_hcd.o
                0x08002964                HAL_HCD_GetCurrentSpeed
 .text.HAL_HCD_HC_ClearHubInfo
                0x08002980       0x6a ./Drivers/STM32F4xx_HAL_Driver/Src/stm32f4xx_hal_hcd.o
                0x08002980                HAL_HCD_HC_ClearHubInfo
 .text.HCD_HC_IN_IRQHandler
                0x080029ea      0xcd2 ./Drivers/STM32F4xx_HAL_Driver/Src/stm32f4xx_hal_hcd.o
 .text.HCD_HC_OUT_IRQHandler
                0x080036bc      0x97e ./Drivers/STM32F4xx_HAL_Driver/Src/stm32f4xx_hal_hcd.o
 .text.HCD_RXQLVL_IRQHandler
                0x0800403a      0x1be ./Drivers/STM32F4xx_HAL_Driver/Src/stm32f4xx_hal_hcd.o
 .text.HCD_Port_IRQHandler
                0x080041f8       0xe6 ./Drivers/STM32F4xx_HAL_Driver/Src/stm32f4xx_hal_hcd.o
 *fill*         0x080042de        0x2 
 .text.HAL_I2C_Init
                0x080042e0      0x288 ./Drivers/STM32F4xx_HAL_Driver/Src/stm32f4xx_hal_i2c.o
                0x080042e0                HAL_I2C_Init
 .text.HAL_I2CEx_ConfigAnalogFilter
                0x08004568       0x78 ./Drivers/STM32F4xx_HAL_Driver/Src/stm32f4xx_hal_i2c_ex.o
                0x08004568                HAL_I2CEx_ConfigAnalogFilter
 .text.HAL_I2CEx_ConfigDigitalFilter
                0x080045e0       0x7e ./Drivers/STM32F4xx_HAL_Driver/Src/stm32f4xx_hal_i2c_ex.o
                0x080045e0                HAL_I2CEx_ConfigDigitalFilter
 .text.HAL_LTDC_Init
                0x0800465e      0x13a ./Drivers/STM32F4xx_HAL_Driver/Src/stm32f4xx_hal_ltdc.o
                0x0800465e                HAL_LTDC_Init
 .text.HAL_LTDC_IRQHandler
                0x08004798      0x148 ./Drivers/STM32F4xx_HAL_Driver/Src/stm32f4xx_hal_ltdc.o
                0x08004798                HAL_LTDC_IRQHandler
 .text.HAL_LTDC_ErrorCallback
                0x080048e0       0x14 ./Drivers/STM32F4xx_HAL_Driver/Src/stm32f4xx_hal_ltdc.o
                0x080048e0                HAL_LTDC_ErrorCallback
 .text.HAL_LTDC_LineEventCallback
                0x080048f4       0x14 ./Drivers/STM32F4xx_HAL_Driver/Src/stm32f4xx_hal_ltdc.o
                0x080048f4                HAL_LTDC_LineEventCallback
 .text.HAL_LTDC_ReloadEventCallback
                0x08004908       0x14 ./Drivers/STM32F4xx_HAL_Driver/Src/stm32f4xx_hal_ltdc.o
                0x08004908                HAL_LTDC_ReloadEventCallback
 .text.HAL_LTDC_ConfigLayer
                0x0800491c       0x7c ./Drivers/STM32F4xx_HAL_Driver/Src/stm32f4xx_hal_ltdc.o
                0x0800491c                HAL_LTDC_ConfigLayer
 .text.LTDC_SetConfig
                0x08004998      0x2e6 ./Drivers/STM32F4xx_HAL_Driver/Src/stm32f4xx_hal_ltdc.o
 *fill*         0x08004c7e        0x2 
 .text.HAL_RCC_OscConfig
                0x08004c80      0x4f0 ./Drivers/STM32F4xx_HAL_Driver/Src/stm32f4xx_hal_rcc.o
                0x08004c80                HAL_RCC_OscConfig
 .text.HAL_RCC_ClockConfig
                0x08005170      0x1cc ./Drivers/STM32F4xx_HAL_Driver/Src/stm32f4xx_hal_rcc.o
                0x08005170                HAL_RCC_ClockConfig
 .text.HAL_RCC_GetSysClockFreq
                0x0800533c      0x20c ./Drivers/STM32F4xx_HAL_Driver/Src/stm32f4xx_hal_rcc.o
                0x0800533c                HAL_RCC_GetSysClockFreq
 .text.HAL_RCC_GetHCLKFreq
                0x08005548       0x18 ./Drivers/STM32F4xx_HAL_Driver/Src/stm32f4xx_hal_rcc.o
                0x08005548                HAL_RCC_GetHCLKFreq
 .text.HAL_RCC_GetPCLK1Freq
                0x08005560       0x28 ./Drivers/STM32F4xx_HAL_Driver/Src/stm32f4xx_hal_rcc.o
                0x08005560                HAL_RCC_GetPCLK1Freq
 .text.HAL_RCC_GetPCLK2Freq
                0x08005588       0x28 ./Drivers/STM32F4xx_HAL_Driver/Src/stm32f4xx_hal_rcc.o
                0x08005588                HAL_RCC_GetPCLK2Freq
 .text.HAL_RCC_GetClockConfig
                0x080055b0       0x64 ./Drivers/STM32F4xx_HAL_Driver/Src/stm32f4xx_hal_rcc.o
                0x080055b0                HAL_RCC_GetClockConfig
 .text.HAL_RCCEx_PeriphCLKConfig
                0x08005614      0x380 ./Drivers/STM32F4xx_HAL_Driver/Src/stm32f4xx_hal_rcc_ex.o
                0x08005614                HAL_RCCEx_PeriphCLKConfig
 .text.HAL_SDRAM_Init
                0x08005994       0x68 ./Drivers/STM32F4xx_HAL_Driver/Src/stm32f4xx_hal_sdram.o
                0x08005994                HAL_SDRAM_Init
 .text.HAL_SPI_Init
                0x080059fc      0x112 ./Drivers/STM32F4xx_HAL_Driver/Src/stm32f4xx_hal_spi.o
                0x080059fc                HAL_SPI_Init
 .text.HAL_TIM_Base_Init
                0x08005b0e       0x9e ./Drivers/STM32F4xx_HAL_Driver/Src/stm32f4xx_hal_tim.o
                0x08005b0e                HAL_TIM_Base_Init
 .text.HAL_TIM_Base_Start_IT
                0x08005bac       0xe0 ./Drivers/STM32F4xx_HAL_Driver/Src/stm32f4xx_hal_tim.o
                0x08005bac                HAL_TIM_Base_Start_IT
 .text.HAL_TIM_IRQHandler
                0x08005c8c      0x1e0 ./Drivers/STM32F4xx_HAL_Driver/Src/stm32f4xx_hal_tim.o
                0x08005c8c                HAL_TIM_IRQHandler
 .text.HAL_TIM_ConfigClockSource
                0x08005e6c      0x18e ./Drivers/STM32F4xx_HAL_Driver/Src/stm32f4xx_hal_tim.o
                0x08005e6c                HAL_TIM_ConfigClockSource
 .text.HAL_TIM_OC_DelayElapsedCallback
                0x08005ffa       0x14 ./Drivers/STM32F4xx_HAL_Driver/Src/stm32f4xx_hal_tim.o
                0x08005ffa                HAL_TIM_OC_DelayElapsedCallback
 .text.HAL_TIM_IC_CaptureCallback
                0x0800600e       0x14 ./Drivers/STM32F4xx_HAL_Driver/Src/stm32f4xx_hal_tim.o
                0x0800600e                HAL_TIM_IC_CaptureCallback
 .text.HAL_TIM_PWM_PulseFinishedCallback
                0x08006022       0x14 ./Drivers/STM32F4xx_HAL_Driver/Src/stm32f4xx_hal_tim.o
                0x08006022                HAL_TIM_PWM_PulseFinishedCallback
 .text.HAL_TIM_TriggerCallback
                0x08006036       0x14 ./Drivers/STM32F4xx_HAL_Driver/Src/stm32f4xx_hal_tim.o
                0x08006036                HAL_TIM_TriggerCallback
 *fill*         0x0800604a        0x2 
 .text.TIM_Base_SetConfig
                0x0800604c      0x14c ./Drivers/STM32F4xx_HAL_Driver/Src/stm32f4xx_hal_tim.o
                0x0800604c                TIM_Base_SetConfig
 .text.TIM_TI1_ConfigInputStage
                0x08006198       0x5e ./Drivers/STM32F4xx_HAL_Driver/Src/stm32f4xx_hal_tim.o
 .text.TIM_TI2_ConfigInputStage
                0x080061f6       0x60 ./Drivers/STM32F4xx_HAL_Driver/Src/stm32f4xx_hal_tim.o
 .text.TIM_ITRx_SetConfig
                0x08006256       0x36 ./Drivers/STM32F4xx_HAL_Driver/Src/stm32f4xx_hal_tim.o
 .text.TIM_ETR_SetConfig
                0x0800628c       0x40 ./Drivers/STM32F4xx_HAL_Driver/Src/stm32f4xx_hal_tim.o
                0x0800628c                TIM_ETR_SetConfig
 .text.HAL_TIMEx_MasterConfigSynchronization
                0x080062cc       0xf8 ./Drivers/STM32F4xx_HAL_Driver/Src/stm32f4xx_hal_tim_ex.o
                0x080062cc                HAL_TIMEx_MasterConfigSynchronization
 .text.HAL_TIMEx_CommutCallback
                0x080063c4       0x14 ./Drivers/STM32F4xx_HAL_Driver/Src/stm32f4xx_hal_tim_ex.o
                0x080063c4                HAL_TIMEx_CommutCallback
 .text.HAL_TIMEx_BreakCallback
                0x080063d8       0x14 ./Drivers/STM32F4xx_HAL_Driver/Src/stm32f4xx_hal_tim_ex.o
                0x080063d8                HAL_TIMEx_BreakCallback
 .text.HAL_UART_Init
                0x080063ec       0xa0 ./Drivers/STM32F4xx_HAL_Driver/Src/stm32f4xx_hal_uart.o
                0x080063ec                HAL_UART_Init
 .text.UART_SetConfig
                0x0800648c      0x4e8 ./Drivers/STM32F4xx_HAL_Driver/Src/stm32f4xx_hal_uart.o
 .text.FMC_SDRAM_Init
                0x08006974       0xba ./Drivers/STM32F4xx_HAL_Driver/Src/stm32f4xx_ll_fmc.o
                0x08006974                FMC_SDRAM_Init
 .text.FMC_SDRAM_Timing_Init
                0x08006a2e       0xd2 ./Drivers/STM32F4xx_HAL_Driver/Src/stm32f4xx_ll_fmc.o
                0x08006a2e                FMC_SDRAM_Timing_Init
 .text.USB_CoreInit
                0x08006b00       0xc8 ./Drivers/STM32F4xx_HAL_Driver/Src/stm32f4xx_ll_usb.o
                0x08006b00                USB_CoreInit
 .text.USB_EnableGlobalInt
                0x08006bc8       0x22 ./Drivers/STM32F4xx_HAL_Driver/Src/stm32f4xx_ll_usb.o
                0x08006bc8                USB_EnableGlobalInt
 .text.USB_DisableGlobalInt
                0x08006bea       0x22 ./Drivers/STM32F4xx_HAL_Driver/Src/stm32f4xx_ll_usb.o
                0x08006bea                USB_DisableGlobalInt
 .text.USB_SetCurrentMode
                0x08006c0c       0x98 ./Drivers/STM32F4xx_HAL_Driver/Src/stm32f4xx_ll_usb.o
                0x08006c0c                USB_SetCurrentMode
 .text.USB_FlushTxFifo
                0x08006ca4       0x64 ./Drivers/STM32F4xx_HAL_Driver/Src/stm32f4xx_ll_usb.o
                0x08006ca4                USB_FlushTxFifo
 .text.USB_FlushRxFifo
                0x08006d08       0x5c ./Drivers/STM32F4xx_HAL_Driver/Src/stm32f4xx_ll_usb.o
                0x08006d08                USB_FlushRxFifo
 .text.USB_WritePacket
                0x08006d64       0x7c ./Drivers/STM32F4xx_HAL_Driver/Src/stm32f4xx_ll_usb.o
                0x08006d64                USB_WritePacket
 .text.USB_ReadPacket
                0x08006de0       0xb0 ./Drivers/STM32F4xx_HAL_Driver/Src/stm32f4xx_ll_usb.o
                0x08006de0                USB_ReadPacket
 .text.USB_ReadInterrupts
                0x08006e90       0x26 ./Drivers/STM32F4xx_HAL_Driver/Src/stm32f4xx_ll_usb.o
                0x08006e90                USB_ReadInterrupts
 .text.USB_ReadChInterrupts
                0x08006eb6       0x42 ./Drivers/STM32F4xx_HAL_Driver/Src/stm32f4xx_ll_usb.o
                0x08006eb6                USB_ReadChInterrupts
 .text.USB_GetMode
                0x08006ef8       0x1c ./Drivers/STM32F4xx_HAL_Driver/Src/stm32f4xx_ll_usb.o
                0x08006ef8                USB_GetMode
 .text.USB_CoreReset
                0x08006f14       0x70 ./Drivers/STM32F4xx_HAL_Driver/Src/stm32f4xx_ll_usb.o
 .text.USB_HostInit
                0x08006f84      0x188 ./Drivers/STM32F4xx_HAL_Driver/Src/stm32f4xx_ll_usb.o
                0x08006f84                USB_HostInit
 .text.USB_InitFSLSPClkSel
                0x0800710c       0x7a ./Drivers/STM32F4xx_HAL_Driver/Src/stm32f4xx_ll_usb.o
                0x0800710c                USB_InitFSLSPClkSel
 .text.USB_ResetPort
                0x08007186       0x54 ./Drivers/STM32F4xx_HAL_Driver/Src/stm32f4xx_ll_usb.o
                0x08007186                USB_ResetPort
 .text.USB_DriveVbus
                0x080071da       0x72 ./Drivers/STM32F4xx_HAL_Driver/Src/stm32f4xx_ll_usb.o
                0x080071da                USB_DriveVbus
 .text.USB_GetHostSpeed
                0x0800724c       0x2e ./Drivers/STM32F4xx_HAL_Driver/Src/stm32f4xx_ll_usb.o
                0x0800724c                USB_GetHostSpeed
 .text.USB_GetCurrentFrame
                0x0800727a       0x22 ./Drivers/STM32F4xx_HAL_Driver/Src/stm32f4xx_ll_usb.o
                0x0800727a                USB_GetCurrentFrame
 .text.USB_HC_Init
                0x0800729c      0x258 ./Drivers/STM32F4xx_HAL_Driver/Src/stm32f4xx_ll_usb.o
                0x0800729c                USB_HC_Init
 .text.USB_HC_StartXfer
                0x080074f4      0x4f4 ./Drivers/STM32F4xx_HAL_Driver/Src/stm32f4xx_ll_usb.o
                0x080074f4                USB_HC_StartXfer
 .text.USB_HC_ReadInterrupt
                0x080079e8       0x22 ./Drivers/STM32F4xx_HAL_Driver/Src/stm32f4xx_ll_usb.o
                0x080079e8                USB_HC_ReadInterrupt
 .text.USB_HC_Halt
                0x08007a0a      0x240 ./Drivers/STM32F4xx_HAL_Driver/Src/stm32f4xx_ll_usb.o
                0x08007a0a                USB_HC_Halt
 *fill*         0x08007c4a        0x2 
 .text.USB_DoPing
                0x08007c4c       0x78 ./Drivers/STM32F4xx_HAL_Driver/Src/stm32f4xx_ll_usb.o
                0x08007c4c                USB_DoPing
 .text.USB_StopHost
                0x08007cc4      0x124 ./Drivers/STM32F4xx_HAL_Driver/Src/stm32f4xx_ll_usb.o
                0x08007cc4                USB_StopHost
 .text.USBH_CDC_InterfaceInit
                0x08007de8      0x2ac ./Middlewares/ST/STM32_USB_Host_Library/Class/CDC/Src/usbh_cdc.o
 .text.USBH_CDC_InterfaceDeInit
                0x08008094       0xb2 ./Middlewares/ST/STM32_USB_Host_Library/Class/CDC/Src/usbh_cdc.o
 .text.USBH_CDC_ClassRequest
                0x08008146       0x3e ./Middlewares/ST/STM32_USB_Host_Library/Class/CDC/Src/usbh_cdc.o
 .text.USBH_CDC_Process
                0x08008184      0x12c ./Middlewares/ST/STM32_USB_Host_Library/Class/CDC/Src/usbh_cdc.o
 .text.USBH_CDC_SOFProcess
                0x080082b0       0x16 ./Middlewares/ST/STM32_USB_Host_Library/Class/CDC/Src/usbh_cdc.o
 .text.GetLineCoding
                0x080082c6       0x3e ./Middlewares/ST/STM32_USB_Host_Library/Class/CDC/Src/usbh_cdc.o
 .text.SetLineCoding
                0x08008304       0x3e ./Middlewares/ST/STM32_USB_Host_Library/Class/CDC/Src/usbh_cdc.o
 .text.CDC_ProcessTransmission
                0x08008342      0x104 ./Middlewares/ST/STM32_USB_Host_Library/Class/CDC/Src/usbh_cdc.o
 .text.CDC_ProcessReception
                0x08008446       0xc2 ./Middlewares/ST/STM32_USB_Host_Library/Class/CDC/Src/usbh_cdc.o
 .text.USBH_CDC_TransmitCallback
                0x08008508       0x14 ./Middlewares/ST/STM32_USB_Host_Library/Class/CDC/Src/usbh_cdc.o
                0x08008508                USBH_CDC_TransmitCallback
 .text.USBH_CDC_ReceiveCallback
                0x0800851c       0x14 ./Middlewares/ST/STM32_USB_Host_Library/Class/CDC/Src/usbh_cdc.o
                0x0800851c                USBH_CDC_ReceiveCallback
 .text.USBH_CDC_LineCodingChanged
                0x08008530       0x14 ./Middlewares/ST/STM32_USB_Host_Library/Class/CDC/Src/usbh_cdc.o
                0x08008530                USBH_CDC_LineCodingChanged
 .text.USBH_Init
                0x08008544       0xc4 ./Middlewares/ST/STM32_USB_Host_Library/Core/Src/usbh_core.o
                0x08008544                USBH_Init
 .text.DeInitStateMachine
                0x08008608       0xe2 ./Middlewares/ST/STM32_USB_Host_Library/Core/Src/usbh_core.o
 .text.USBH_RegisterClass
                0x080086ea       0x54 ./Middlewares/ST/STM32_USB_Host_Library/Core/Src/usbh_core.o
                0x080086ea                USBH_RegisterClass
 .text.USBH_SelectInterface
                0x0800873e       0x38 ./Middlewares/ST/STM32_USB_Host_Library/Core/Src/usbh_core.o
                0x0800873e                USBH_SelectInterface
 .text.USBH_FindInterface
                0x08008776       0x8c ./Middlewares/ST/STM32_USB_Host_Library/Core/Src/usbh_core.o
                0x08008776                USBH_FindInterface
 .text.USBH_Start
                0x08008802       0x20 ./Middlewares/ST/STM32_USB_Host_Library/Core/Src/usbh_core.o
                0x08008802                USBH_Start
 *fill*         0x08008822        0x2 
 .text.USBH_Process
                0x08008824      0x434 ./Middlewares/ST/STM32_USB_Host_Library/Core/Src/usbh_core.o
                0x08008824                USBH_Process
 .text.USBH_HandleEnum
                0x08008c58      0x3fc ./Middlewares/ST/STM32_USB_Host_Library/Core/Src/usbh_core.o
 .text.USBH_LL_SetTimer
                0x08009054       0x1e ./Middlewares/ST/STM32_USB_Host_Library/Core/Src/usbh_core.o
                0x08009054                USBH_LL_SetTimer
 .text.USBH_LL_IncTimer
                0x08009072       0x24 ./Middlewares/ST/STM32_USB_Host_Library/Core/Src/usbh_core.o
                0x08009072                USBH_LL_IncTimer
 .text.USBH_HandleSof
                0x08009096       0x30 ./Middlewares/ST/STM32_USB_Host_Library/Core/Src/usbh_core.o
 .text.USBH_LL_PortEnabled
                0x080090c6       0x24 ./Middlewares/ST/STM32_USB_Host_Library/Core/Src/usbh_core.o
                0x080090c6                USBH_LL_PortEnabled
 .text.USBH_LL_PortDisabled
                0x080090ea       0x24 ./Middlewares/ST/STM32_USB_Host_Library/Core/Src/usbh_core.o
                0x080090ea                USBH_LL_PortDisabled
 .text.USBH_LL_Connect
                0x0800910e       0x36 ./Middlewares/ST/STM32_USB_Host_Library/Core/Src/usbh_core.o
                0x0800910e                USBH_LL_Connect
 .text.USBH_LL_Disconnect
                0x08009144       0x54 ./Middlewares/ST/STM32_USB_Host_Library/Core/Src/usbh_core.o
                0x08009144                USBH_LL_Disconnect
 .text.USBH_OS_PutMessage
                0x08009198       0x4e ./Middlewares/ST/STM32_USB_Host_Library/Core/Src/usbh_core.o
                0x08009198                USBH_OS_PutMessage
 .text.USBH_Process_OS
                0x080091e6       0x2a ./Middlewares/ST/STM32_USB_Host_Library/Core/Src/usbh_core.o
 .text.USBH_LL_NotifyURBChange
                0x08009210       0x1e ./Middlewares/ST/STM32_USB_Host_Library/Core/Src/usbh_core.o
                0x08009210                USBH_LL_NotifyURBChange
 .text.USBH_Get_DevDesc
                0x0800922e       0x58 ./Middlewares/ST/STM32_USB_Host_Library/Core/Src/usbh_ctlreq.o
                0x0800922e                USBH_Get_DevDesc
 .text.USBH_Get_CfgDesc
                0x08009286       0x54 ./Middlewares/ST/STM32_USB_Host_Library/Core/Src/usbh_ctlreq.o
                0x08009286                USBH_Get_CfgDesc
 .text.USBH_Get_StringDesc
                0x080092da       0x68 ./Middlewares/ST/STM32_USB_Host_Library/Core/Src/usbh_ctlreq.o
                0x080092da                USBH_Get_StringDesc
 .text.USBH_GetDescriptor
                0x08009342       0x6a ./Middlewares/ST/STM32_USB_Host_Library/Core/Src/usbh_ctlreq.o
                0x08009342                USBH_GetDescriptor
 .text.USBH_SetAddress
                0x080093ac       0x48 ./Middlewares/ST/STM32_USB_Host_Library/Core/Src/usbh_ctlreq.o
                0x080093ac                USBH_SetAddress
 .text.USBH_SetCfg
                0x080093f4       0x46 ./Middlewares/ST/STM32_USB_Host_Library/Core/Src/usbh_ctlreq.o
                0x080093f4                USBH_SetCfg
 .text.USBH_SetFeature
                0x0800943a       0x48 ./Middlewares/ST/STM32_USB_Host_Library/Core/Src/usbh_ctlreq.o
                0x0800943a                USBH_SetFeature
 .text.USBH_ClrFeature
                0x08009482       0x48 ./Middlewares/ST/STM32_USB_Host_Library/Core/Src/usbh_ctlreq.o
                0x08009482                USBH_ClrFeature
 *fill*         0x080094ca        0x2 
 .text.USBH_ParseDevDesc
                0x080094cc      0x160 ./Middlewares/ST/STM32_USB_Host_Library/Core/Src/usbh_ctlreq.o
 .text.USBH_ParseCfgDesc
                0x0800962c      0x1f8 ./Middlewares/ST/STM32_USB_Host_Library/Core/Src/usbh_ctlreq.o
 .text.USBH_ParseInterfaceDesc
                0x08009824       0x5e ./Middlewares/ST/STM32_USB_Host_Library/Core/Src/usbh_ctlreq.o
 .text.USBH_ParseEPDesc
                0x08009882      0x1d0 ./Middlewares/ST/STM32_USB_Host_Library/Core/Src/usbh_ctlreq.o
 .text.USBH_ParseStringDesc
                0x08009a52       0x66 ./Middlewares/ST/STM32_USB_Host_Library/Core/Src/usbh_ctlreq.o
 .text.USBH_GetNextDesc
                0x08009ab8       0x34 ./Middlewares/ST/STM32_USB_Host_Library/Core/Src/usbh_ctlreq.o
                0x08009ab8                USBH_GetNextDesc
 .text.USBH_CtlReq
                0x08009aec       0x92 ./Middlewares/ST/STM32_USB_Host_Library/Core/Src/usbh_ctlreq.o
                0x08009aec                USBH_CtlReq
 *fill*         0x08009b7e        0x2 
 .text.USBH_HandleControl
                0x08009b80      0x3a0 ./Middlewares/ST/STM32_USB_Host_Library/Core/Src/usbh_ctlreq.o
 .text.USBH_CtlSendSetup
                0x08009f20       0x34 ./Middlewares/ST/STM32_USB_Host_Library/Core/Src/usbh_ioreq.o
                0x08009f20                USBH_CtlSendSetup
 .text.USBH_CtlSendData
                0x08009f54       0x4a ./Middlewares/ST/STM32_USB_Host_Library/Core/Src/usbh_ioreq.o
                0x08009f54                USBH_CtlSendData
 .text.USBH_CtlReceiveData
                0x08009f9e       0x3c ./Middlewares/ST/STM32_USB_Host_Library/Core/Src/usbh_ioreq.o
                0x08009f9e                USBH_CtlReceiveData
 .text.USBH_BulkSendData
                0x08009fda       0x4a ./Middlewares/ST/STM32_USB_Host_Library/Core/Src/usbh_ioreq.o
                0x08009fda                USBH_BulkSendData
 .text.USBH_BulkReceiveData
                0x0800a024       0x3c ./Middlewares/ST/STM32_USB_Host_Library/Core/Src/usbh_ioreq.o
                0x0800a024                USBH_BulkReceiveData
 .text.USBH_OpenPipe
                0x0800a060       0x3e ./Middlewares/ST/STM32_USB_Host_Library/Core/Src/usbh_pipes.o
                0x0800a060                USBH_OpenPipe
 .text.USBH_ClosePipe
                0x0800a09e       0x20 ./Middlewares/ST/STM32_USB_Host_Library/Core/Src/usbh_pipes.o
                0x0800a09e                USBH_ClosePipe
 .text.USBH_AllocPipe
                0x0800a0be       0x42 ./Middlewares/ST/STM32_USB_Host_Library/Core/Src/usbh_pipes.o
                0x0800a0be                USBH_AllocPipe
 .text.USBH_FreePipe
                0x0800a100       0x3c ./Middlewares/ST/STM32_USB_Host_Library/Core/Src/usbh_pipes.o
                0x0800a100                USBH_FreePipe
 .text.USBH_GetFreePipe
                0x0800a13c       0x48 ./Middlewares/ST/STM32_USB_Host_Library/Core/Src/usbh_pipes.o
 .text.makeFreeRtosPriority
                0x0800a184       0x30 ./Middlewares/Third_Party/FreeRTOS/Source/CMSIS_RTOS/cmsis_os.o
 .text.inHandlerMode
                0x0800a1b4       0x24 ./Middlewares/Third_Party/FreeRTOS/Source/CMSIS_RTOS/cmsis_os.o
 .text.osKernelStart
                0x0800a1d8        0xe ./Middlewares/Third_Party/FreeRTOS/Source/CMSIS_RTOS/cmsis_os.o
                0x0800a1d8                osKernelStart
 .text.osThreadCreate
                0x0800a1e6       0x98 ./Middlewares/Third_Party/FreeRTOS/Source/CMSIS_RTOS/cmsis_os.o
                0x0800a1e6                osThreadCreate
 .text.osDelay  0x0800a27e       0x28 ./Middlewares/Third_Party/FreeRTOS/Source/CMSIS_RTOS/cmsis_os.o
                0x0800a27e                osDelay
 .text.osMessageCreate
                0x0800a2a6       0x50 ./Middlewares/Third_Party/FreeRTOS/Source/CMSIS_RTOS/cmsis_os.o
                0x0800a2a6                osMessageCreate
 *fill*         0x0800a2f6        0x2 
 .text.osMessagePut
                0x0800a2f8       0x80 ./Middlewares/Third_Party/FreeRTOS/Source/CMSIS_RTOS/cmsis_os.o
                0x0800a2f8                osMessagePut
 .text.osMessageGet
                0x0800a378       0xe8 ./Middlewares/Third_Party/FreeRTOS/Source/CMSIS_RTOS/cmsis_os.o
                0x0800a378                osMessageGet
 .text.osMessageWaiting
                0x0800a460       0x2c ./Middlewares/Third_Party/FreeRTOS/Source/CMSIS_RTOS/cmsis_os.o
                0x0800a460                osMessageWaiting
 .text.vListInitialise
                0x0800a48c       0x40 ./Middlewares/Third_Party/FreeRTOS/Source/list.o
                0x0800a48c                vListInitialise
 .text.vListInitialiseItem
                0x0800a4cc       0x1a ./Middlewares/Third_Party/FreeRTOS/Source/list.o
                0x0800a4cc                vListInitialiseItem
 .text.vListInsertEnd
                0x0800a4e6       0x48 ./Middlewares/Third_Party/FreeRTOS/Source/list.o
                0x0800a4e6                vListInsertEnd
 .text.vListInsert
                0x0800a52e       0x72 ./Middlewares/Third_Party/FreeRTOS/Source/list.o
                0x0800a52e                vListInsert
 .text.uxListRemove
                0x0800a5a0       0x54 ./Middlewares/Third_Party/FreeRTOS/Source/list.o
                0x0800a5a0                uxListRemove
 .text.xQueueGenericReset
                0x0800a5f4       0xd4 ./Middlewares/Third_Party/FreeRTOS/Source/queue.o
                0x0800a5f4                xQueueGenericReset
 .text.xQueueGenericCreateStatic
                0x0800a6c8       0xfa ./Middlewares/Third_Party/FreeRTOS/Source/queue.o
                0x0800a6c8                xQueueGenericCreateStatic
 .text.xQueueGenericCreate
                0x0800a7c2       0x76 ./Middlewares/Third_Party/FreeRTOS/Source/queue.o
                0x0800a7c2                xQueueGenericCreate
 .text.prvInitialiseNewQueue
                0x0800a838       0x3e ./Middlewares/Third_Party/FreeRTOS/Source/queue.o
 *fill*         0x0800a876        0x2 
 .text.xQueueGenericSend
                0x0800a878      0x204 ./Middlewares/Third_Party/FreeRTOS/Source/queue.o
                0x0800a878                xQueueGenericSend
 .text.xQueueGenericSendFromISR
                0x0800aa7c      0x13c ./Middlewares/Third_Party/FreeRTOS/Source/queue.o
                0x0800aa7c                xQueueGenericSendFromISR
 .text.xQueueReceive
                0x0800abb8      0x1c4 ./Middlewares/Third_Party/FreeRTOS/Source/queue.o
                0x0800abb8                xQueueReceive
 .text.xQueueReceiveFromISR
                0x0800ad7c      0x104 ./Middlewares/Third_Party/FreeRTOS/Source/queue.o
                0x0800ad7c                xQueueReceiveFromISR
 .text.uxQueueMessagesWaiting
                0x0800ae80       0x3e ./Middlewares/Third_Party/FreeRTOS/Source/queue.o
                0x0800ae80                uxQueueMessagesWaiting
 .text.uxQueueMessagesWaitingFromISR
                0x0800aebe       0x3e ./Middlewares/Third_Party/FreeRTOS/Source/queue.o
                0x0800aebe                uxQueueMessagesWaitingFromISR
 .text.prvCopyDataToQueue
                0x0800aefc       0xd4 ./Middlewares/Third_Party/FreeRTOS/Source/queue.o
 .text.prvCopyDataFromQueue
                0x0800afd0       0x4c ./Middlewares/Third_Party/FreeRTOS/Source/queue.o
 .text.prvUnlockQueue
                0x0800b01c       0xa4 ./Middlewares/Third_Party/FreeRTOS/Source/queue.o
 .text.prvIsQueueEmpty
                0x0800b0c0       0x2c ./Middlewares/Third_Party/FreeRTOS/Source/queue.o
 .text.prvIsQueueFull
                0x0800b0ec       0x30 ./Middlewares/Third_Party/FreeRTOS/Source/queue.o
 .text.xTaskCreateStatic
                0x0800b11c       0xc0 ./Middlewares/Third_Party/FreeRTOS/Source/tasks.o
                0x0800b11c                xTaskCreateStatic
 .text.xTaskCreate
                0x0800b1dc       0x8a ./Middlewares/Third_Party/FreeRTOS/Source/tasks.o
                0x0800b1dc                xTaskCreate
 .text.prvInitialiseNewTask
                0x0800b266      0x126 ./Middlewares/Third_Party/FreeRTOS/Source/tasks.o
 .text.prvAddNewTaskToReadyList
                0x0800b38c       0xd4 ./Middlewares/Third_Party/FreeRTOS/Source/tasks.o
 .text.vTaskDelay
                0x0800b460       0x6c ./Middlewares/Third_Party/FreeRTOS/Source/tasks.o
                0x0800b460                vTaskDelay
 .text.vTaskStartScheduler
                0x0800b4cc       0xc4 ./Middlewares/Third_Party/FreeRTOS/Source/tasks.o
                0x0800b4cc                vTaskStartScheduler
 .text.vTaskSuspendAll
                0x0800b590       0x1c ./Middlewares/Third_Party/FreeRTOS/Source/tasks.o
                0x0800b590                vTaskSuspendAll
 .text.xTaskResumeAll
                0x0800b5ac      0x13c ./Middlewares/Third_Party/FreeRTOS/Source/tasks.o
                0x0800b5ac                xTaskResumeAll
 .text.xTaskIncrementTick
                0x0800b6e8      0x174 ./Middlewares/Third_Party/FreeRTOS/Source/tasks.o
                0x0800b6e8                xTaskIncrementTick
 .text.vTaskSwitchContext
                0x0800b85c      0x104 ./Middlewares/Third_Party/FreeRTOS/Source/tasks.o
                0x0800b85c                vTaskSwitchContext
 .text.vTaskPlaceOnEventList
                0x0800b960       0x4c ./Middlewares/Third_Party/FreeRTOS/Source/tasks.o
                0x0800b960                vTaskPlaceOnEventList
 .text.xTaskRemoveFromEventList
                0x0800b9ac       0xc8 ./Middlewares/Third_Party/FreeRTOS/Source/tasks.o
                0x0800b9ac                xTaskRemoveFromEventList
 .text.vTaskInternalSetTimeOutState
                0x0800ba74       0x2c ./Middlewares/Third_Party/FreeRTOS/Source/tasks.o
                0x0800ba74                vTaskInternalSetTimeOutState
 .text.xTaskCheckForTimeOut
                0x0800baa0       0xc8 ./Middlewares/Third_Party/FreeRTOS/Source/tasks.o
                0x0800baa0                xTaskCheckForTimeOut
 .text.vTaskMissedYield
                0x0800bb68       0x18 ./Middlewares/Third_Party/FreeRTOS/Source/tasks.o
                0x0800bb68                vTaskMissedYield
 .text.prvIdleTask
                0x0800bb80       0x34 ./Middlewares/Third_Party/FreeRTOS/Source/tasks.o
 .text.prvInitialiseTaskLists
                0x0800bbb4       0x80 ./Middlewares/Third_Party/FreeRTOS/Source/tasks.o
 .text.prvCheckTasksWaitingTermination
                0x0800bc34       0x5c ./Middlewares/Third_Party/FreeRTOS/Source/tasks.o
 .text.prvDeleteTCB
                0x0800bc90       0x60 ./Middlewares/Third_Party/FreeRTOS/Source/tasks.o
 .text.prvResetNextTaskUnblockTime
                0x0800bcf0       0x40 ./Middlewares/Third_Party/FreeRTOS/Source/tasks.o
 .text.xTaskGetSchedulerState
                0x0800bd30       0x3c ./Middlewares/Third_Party/FreeRTOS/Source/tasks.o
                0x0800bd30                xTaskGetSchedulerState
 .text.xTaskPriorityDisinherit
                0x0800bd6c      0x110 ./Middlewares/Third_Party/FreeRTOS/Source/tasks.o
                0x0800bd6c                xTaskPriorityDisinherit
 .text.prvAddCurrentTaskToDelayedList
                0x0800be7c       0xcc ./Middlewares/Third_Party/FreeRTOS/Source/tasks.o
 .text.pxPortInitialiseStack
                0x0800bf48       0x68 ./Middlewares/Third_Party/FreeRTOS/Source/portable/GCC/ARM_CM4F/port.o
                0x0800bf48                pxPortInitialiseStack
 .text.prvTaskExitError
                0x0800bfb0       0x5c ./Middlewares/Third_Party/FreeRTOS/Source/portable/GCC/ARM_CM4F/port.o
 *fill*         0x0800c00c        0x4 
 .text.SVC_Handler
                0x0800c010       0x28 ./Middlewares/Third_Party/FreeRTOS/Source/portable/GCC/ARM_CM4F/port.o
                0x0800c010                SVC_Handler
 .text.prvPortStartFirstTask
                0x0800c038       0x28 ./Middlewares/Third_Party/FreeRTOS/Source/portable/GCC/ARM_CM4F/port.o
 .text.xPortStartScheduler
                0x0800c060      0x148 ./Middlewares/Third_Party/FreeRTOS/Source/portable/GCC/ARM_CM4F/port.o
                0x0800c060                xPortStartScheduler
 .text.vPortEnterCritical
                0x0800c1a8       0x64 ./Middlewares/Third_Party/FreeRTOS/Source/portable/GCC/ARM_CM4F/port.o
                0x0800c1a8                vPortEnterCritical
 .text.vPortExitCritical
                0x0800c20c       0x54 ./Middlewares/Third_Party/FreeRTOS/Source/portable/GCC/ARM_CM4F/port.o
                0x0800c20c                vPortExitCritical
 .text.PendSV_Handler
                0x0800c260       0x68 ./Middlewares/Third_Party/FreeRTOS/Source/portable/GCC/ARM_CM4F/port.o
                0x0800c260                PendSV_Handler
 .text.SysTick_Handler
                0x0800c2c8       0x44 ./Middlewares/Third_Party/FreeRTOS/Source/portable/GCC/ARM_CM4F/port.o
                0x0800c2c8                SysTick_Handler
 .text.vPortSetupTimerInterrupt
                0x0800c30c       0x48 ./Middlewares/Third_Party/FreeRTOS/Source/portable/GCC/ARM_CM4F/port.o
                0x0800c30c                vPortSetupTimerInterrupt
 .text.vPortEnableVFP
                0x0800c354       0x14 ./Middlewares/Third_Party/FreeRTOS/Source/portable/GCC/ARM_CM4F/port.o
 .text.vPortValidateInterruptPriority
                0x0800c368       0x84 ./Middlewares/Third_Party/FreeRTOS/Source/portable/GCC/ARM_CM4F/port.o
                0x0800c368                vPortValidateInterruptPriority
 .text.pvPortMalloc
                0x0800c3ec      0x1a8 ./Middlewares/Third_Party/FreeRTOS/Source/portable/MemMang/heap_4.o
                0x0800c3ec                pvPortMalloc
 .text.vPortFree
                0x0800c594       0xc8 ./Middlewares/Third_Party/FreeRTOS/Source/portable/MemMang/heap_4.o
                0x0800c594                vPortFree
 .text.prvHeapInit
                0x0800c65c       0xc4 ./Middlewares/Third_Party/FreeRTOS/Source/portable/MemMang/heap_4.o
 .text.prvInsertBlockIntoFreeList
                0x0800c720       0xb4 ./Middlewares/Third_Party/FreeRTOS/Source/portable/MemMang/heap_4.o
 .text.MX_USB_HOST_Init
                0x0800c7d4       0x4c ./USB_HOST/App/usb_host.o
                0x0800c7d4                MX_USB_HOST_Init
 .text.USBH_UserProcess
                0x0800c820       0x5c ./USB_HOST/App/usb_host.o
 .text.HAL_HCD_MspInit
                0x0800c87c       0xbc ./USB_HOST/Target/usbh_conf.o
                0x0800c87c                HAL_HCD_MspInit
 .text.HAL_HCD_SOF_Callback
                0x0800c938       0x1c ./USB_HOST/Target/usbh_conf.o
                0x0800c938                HAL_HCD_SOF_Callback
 .text.HAL_HCD_Connect_Callback
                0x0800c954       0x1c ./USB_HOST/Target/usbh_conf.o
                0x0800c954                HAL_HCD_Connect_Callback
 .text.HAL_HCD_Disconnect_Callback
                0x0800c970       0x1c ./USB_HOST/Target/usbh_conf.o
                0x0800c970                HAL_HCD_Disconnect_Callback
 .text.HAL_HCD_HC_NotifyURBChange_Callback
                0x0800c98c       0x24 ./USB_HOST/Target/usbh_conf.o
                0x0800c98c                HAL_HCD_HC_NotifyURBChange_Callback
 .text.HAL_HCD_PortEnabled_Callback
                0x0800c9b0       0x1c ./USB_HOST/Target/usbh_conf.o
                0x0800c9b0                HAL_HCD_PortEnabled_Callback
 .text.HAL_HCD_PortDisabled_Callback
                0x0800c9cc       0x1c ./USB_HOST/Target/usbh_conf.o
                0x0800c9cc                HAL_HCD_PortDisabled_Callback
 .text.USBH_LL_Init
                0x0800c9e8       0x8c ./USB_HOST/Target/usbh_conf.o
                0x0800c9e8                USBH_LL_Init
 .text.USBH_LL_Start
                0x0800ca74       0x36 ./USB_HOST/Target/usbh_conf.o
                0x0800ca74                USBH_LL_Start
 .text.USBH_LL_Stop
                0x0800caaa       0x36 ./USB_HOST/Target/usbh_conf.o
                0x0800caaa                USBH_LL_Stop
 .text.USBH_LL_GetSpeed
                0x0800cae0       0x4e ./USB_HOST/Target/usbh_conf.o
                0x0800cae0                USBH_LL_GetSpeed
 .text.USBH_LL_ResetPort
                0x0800cb2e       0x36 ./USB_HOST/Target/usbh_conf.o
                0x0800cb2e                USBH_LL_ResetPort
 .text.USBH_LL_GetLastXferSize
                0x0800cb64       0x26 ./USB_HOST/Target/usbh_conf.o
                0x0800cb64                USBH_LL_GetLastXferSize
 .text.USBH_LL_OpenPipe
                0x0800cb8a       0x5e ./USB_HOST/Target/usbh_conf.o
                0x0800cb8a                USBH_LL_OpenPipe
 .text.USBH_LL_ClosePipe
                0x0800cbe8       0x1a ./USB_HOST/Target/usbh_conf.o
                0x0800cbe8                USBH_LL_ClosePipe
 .text.USBH_LL_SubmitURB
                0x0800cc02       0x62 ./USB_HOST/Target/usbh_conf.o
                0x0800cc02                USBH_LL_SubmitURB
 .text.USBH_LL_GetURBState
                0x0800cc64       0x26 ./USB_HOST/Target/usbh_conf.o
                0x0800cc64                USBH_LL_GetURBState
 .text.USBH_LL_DriverVBUS
                0x0800cc8a       0x2e ./USB_HOST/Target/usbh_conf.o
                0x0800cc8a                USBH_LL_DriverVBUS
 .text.USBH_LL_SetToggle
                0x0800ccb8       0x66 ./USB_HOST/Target/usbh_conf.o
                0x0800ccb8                USBH_LL_SetToggle
 .text.USBH_Delay
                0x0800cd1e       0x16 ./USB_HOST/Target/usbh_conf.o
                0x0800cd1e                USBH_Delay
 .text.USBH_Get_USB_Status
                0x0800cd34       0x58 ./USB_HOST/Target/usbh_conf.o
                0x0800cd34                USBH_Get_USB_Status
 .text.MX_DriverVbusHS
                0x0800cd8c       0x38 ./USB_HOST/Target/usbh_platform.o
                0x0800cd8c                MX_DriverVbusHS
 .text.malloc   0x0800cdc4       0x10 /opt/st/stm32cubeide_1.19.0/plugins/com.st.stm32cube.ide.mcu.externaltools.gnu-tools-for-stm32.13.3.rel1.linux64_1.0.0.202410170706/tools/bin/../lib/gcc/arm-none-eabi/13.3.1/../../../../arm-none-eabi/lib/thumb/v7e-m+fp/hard/libc_nano.a(libc_a-malloc.o)
                0x0800cdc4                malloc
 .text.free     0x0800cdd4       0x10 /opt/st/stm32cubeide_1.19.0/plugins/com.st.stm32cube.ide.mcu.externaltools.gnu-tools-for-stm32.13.3.rel1.linux64_1.0.0.202410170706/tools/bin/../lib/gcc/arm-none-eabi/13.3.1/../../../../arm-none-eabi/lib/thumb/v7e-m+fp/hard/libc_nano.a(libc_a-malloc.o)
                0x0800cdd4                free
 .text.sbrk_aligned
                0x0800cde4       0x44 /opt/st/stm32cubeide_1.19.0/plugins/com.st.stm32cube.ide.mcu.externaltools.gnu-tools-for-stm32.13.3.rel1.linux64_1.0.0.202410170706/tools/bin/../lib/gcc/arm-none-eabi/13.3.1/../../../../arm-none-eabi/lib/thumb/v7e-m+fp/hard/libc_nano.a(libc_a-mallocr.o)
 .text._malloc_r
                0x0800ce28      0x100 /opt/st/stm32cubeide_1.19.0/plugins/com.st.stm32cube.ide.mcu.externaltools.gnu-tools-for-stm32.13.3.rel1.linux64_1.0.0.202410170706/tools/bin/../lib/gcc/arm-none-eabi/13.3.1/../../../../arm-none-eabi/lib/thumb/v7e-m+fp/hard/libc_nano.a(libc_a-mallocr.o)
                0x0800ce28                _malloc_r
 .text.__malloc_lock
                0x0800cf28        0xc /opt/st/stm32cubeide_1.19.0/plugins/com.st.stm32cube.ide.mcu.externaltools.gnu-tools-for-stm32.13.3.rel1.linux64_1.0.0.202410170706/tools/bin/../lib/gcc/arm-none-eabi/13.3.1/../../../../arm-none-eabi/lib/thumb/v7e-m+fp/hard/libc_nano.a(libc_a-mlock.o)
                0x0800cf28                __malloc_lock
 .text.__malloc_unlock
                0x0800cf34        0xc /opt/st/stm32cubeide_1.19.0/plugins/com.st.stm32cube.ide.mcu.externaltools.gnu-tools-for-stm32.13.3.rel1.linux64_1.0.0.202410170706/tools/bin/../lib/gcc/arm-none-eabi/13.3.1/../../../../arm-none-eabi/lib/thumb/v7e-m+fp/hard/libc_nano.a(libc_a-mlock.o)
                0x0800cf34                __malloc_unlock
 .text.memset   0x0800cf40       0x10 /opt/st/stm32cubeide_1.19.0/plugins/com.st.stm32cube.ide.mcu.externaltools.gnu-tools-for-stm32.13.3.rel1.linux64_1.0.0.202410170706/tools/bin/../lib/gcc/arm-none-eabi/13.3.1/../../../../arm-none-eabi/lib/thumb/v7e-m+fp/hard/libc_nano.a(libc_a-memset.o)
                0x0800cf40                memset
 .text._sbrk_r  0x0800cf50       0x20 /opt/st/stm32cubeide_1.19.0/plugins/com.st.stm32cube.ide.mcu.externaltools.gnu-tools-for-stm32.13.3.rel1.linux64_1.0.0.202410170706/tools/bin/../lib/gcc/arm-none-eabi/13.3.1/../../../../arm-none-eabi/lib/thumb/v7e-m+fp/hard/libc_nano.a(libc_a-sbrkr.o)
                0x0800cf50                _sbrk_r
 .text.__errno  0x0800cf70        0xc /opt/st/stm32cubeide_1.19.0/plugins/com.st.stm32cube.ide.mcu.externaltools.gnu-tools-for-stm32.13.3.rel1.linux64_1.0.0.202410170706/tools/bin/../lib/gcc/arm-none-eabi/13.3.1/../../../../arm-none-eabi/lib/thumb/v7e-m+fp/hard/libc_nano.a(libc_a-errno.o)
                0x0800cf70                __errno
 .text.__libc_init_array
                0x0800cf7c       0x48 /opt/st/stm32cubeide_1.19.0/plugins/com.st.stm32cube.ide.mcu.externaltools.gnu-tools-for-stm32.13.3.rel1.linux64_1.0.0.202410170706/tools/bin/../lib/gcc/arm-none-eabi/13.3.1/../../../../arm-none-eabi/lib/thumb/v7e-m+fp/hard/libc_nano.a(libc_a-init.o)
                0x0800cf7c                __libc_init_array
 .text.__retarget_lock_acquire_recursive
                0x0800cfc4        0x2 /opt/st/stm32cubeide_1.19.0/plugins/com.st.stm32cube.ide.mcu.externaltools.gnu-tools-for-stm32.13.3.rel1.linux64_1.0.0.202410170706/tools/bin/../lib/gcc/arm-none-eabi/13.3.1/../../../../arm-none-eabi/lib/thumb/v7e-m+fp/hard/libc_nano.a(libc_a-lock.o)
                0x0800cfc4                __retarget_lock_acquire_recursive
 .text.__retarget_lock_release_recursive
                0x0800cfc6        0x2 /opt/st/stm32cubeide_1.19.0/plugins/com.st.stm32cube.ide.mcu.externaltools.gnu-tools-for-stm32.13.3.rel1.linux64_1.0.0.202410170706/tools/bin/../lib/gcc/arm-none-eabi/13.3.1/../../../../arm-none-eabi/lib/thumb/v7e-m+fp/hard/libc_nano.a(libc_a-lock.o)
                0x0800cfc6                __retarget_lock_release_recursive
 .text.memcpy   0x0800cfc8       0x1c /opt/st/stm32cubeide_1.19.0/plugins/com.st.stm32cube.ide.mcu.externaltools.gnu-tools-for-stm32.13.3.rel1.linux64_1.0.0.202410170706/tools/bin/../lib/gcc/arm-none-eabi/13.3.1/../../../../arm-none-eabi/lib/thumb/v7e-m+fp/hard/libc_nano.a(libc_a-memcpy-stub.o)
                0x0800cfc8                memcpy
 .text._free_r  0x0800cfe4       0x94 /opt/st/stm32cubeide_1.19.0/plugins/com.st.stm32cube.ide.mcu.externaltools.gnu-tools-for-stm32.13.3.rel1.linux64_1.0.0.202410170706/tools/bin/../lib/gcc/arm-none-eabi/13.3.1/../../../../arm-none-eabi/lib/thumb/v7e-m+fp/hard/libc_nano.a(libc_a-freer.o)
                0x0800cfe4                _free_r
 *(.glue_7)
 .glue_7        0x0800d078        0x0 linker stubs
 *(.glue_7t)
 .glue_7t       0x0800d078        0x0 linker stubs
 *(.eh_frame)
 .eh_frame      0x0800d078        0x0 /opt/st/stm32cubeide_1.19.0/plugins/com.st.stm32cube.ide.mcu.externaltools.gnu-tools-for-stm32.13.3.rel1.linux64_1.0.0.202410170706/tools/bin/../lib/gcc/arm-none-eabi/13.3.1/thumb/v7e-m+fp/hard/crtbegin.o
 *(.init)
 .init          0x0800d078        0x4 /opt/st/stm32cubeide_1.19.0/plugins/com.st.stm32cube.ide.mcu.externaltools.gnu-tools-for-stm32.13.3.rel1.linux64_1.0.0.202410170706/tools/bin/../lib/gcc/arm-none-eabi/13.3.1/thumb/v7e-m+fp/hard/crti.o
                0x0800d078                _init
 .init          0x0800d07c        0x8 /opt/st/stm32cubeide_1.19.0/plugins/com.st.stm32cube.ide.mcu.externaltools.gnu-tools-for-stm32.13.3.rel1.linux64_1.0.0.202410170706/tools/bin/../lib/gcc/arm-none-eabi/13.3.1/thumb/v7e-m+fp/hard/crtn.o
 *(.fini)
 .fini          0x0800d084        0x4 /opt/st/stm32cubeide_1.19.0/plugins/com.st.stm32cube.ide.mcu.externaltools.gnu-tools-for-stm32.13.3.rel1.linux64_1.0.0.202410170706/tools/bin/../lib/gcc/arm-none-eabi/13.3.1/thumb/v7e-m+fp/hard/crti.o
                0x0800d084                _fini
 .fini          0x0800d088        0x8 /opt/st/stm32cubeide_1.19.0/plugins/com.st.stm32cube.ide.mcu.externaltools.gnu-tools-for-stm32.13.3.rel1.linux64_1.0.0.202410170706/tools/bin/../lib/gcc/arm-none-eabi/13.3.1/thumb/v7e-m+fp/hard/crtn.o
                0x0800d090                        . = ALIGN (0x4)
                0x0800d090                        _etext = .

.vfp11_veneer   0x0800d090        0x0
 .vfp11_veneer  0x0800d090        0x0 linker stubs

.v4_bx          0x0800d090        0x0
 .v4_bx         0x0800d090        0x0 linker stubs

.iplt           0x0800d090        0x0
 .iplt          0x0800d090        0x0 /opt/st/stm32cubeide_1.19.0/plugins/com.st.stm32cube.ide.mcu.externaltools.gnu-tools-for-stm32.13.3.rel1.linux64_1.0.0.202410170706/tools/bin/../lib/gcc/arm-none-eabi/13.3.1/thumb/v7e-m+fp/hard/crtbegin.o

.rodata         0x0800d090       0x84
                0x0800d090                        . = ALIGN (0x4)
 *(.rodata)
 .rodata        0x0800d090       0x28 ./Core/Src/main.o
 .rodata        0x0800d0b8        0x4 ./Middlewares/ST/STM32_USB_Host_Library/Class/CDC/Src/usbh_cdc.o
 .rodata        0x0800d0bc       0x38 ./Middlewares/ST/STM32_USB_Host_Library/Core/Src/usbh_core.o
 .rodata        0x0800d0f4        0x5 ./Middlewares/Third_Party/FreeRTOS/Source/tasks.o
 *(.rodata*)
 *fill*         0x0800d0f9        0x3 
 .rodata.AHBPrescTable
                0x0800d0fc       0x10 ./Core/Src/system_stm32f4xx.o
                0x0800d0fc                AHBPrescTable
 .rodata.APBPrescTable
                0x0800d10c        0x8 ./Core/Src/system_stm32f4xx.o
                0x0800d10c                APBPrescTable
                0x0800d114                        . = ALIGN (0x4)

.ARM.extab      0x0800d114        0x0
                0x0800d114                        . = ALIGN (0x4)
 *(.ARM.extab* .gnu.linkonce.armextab.*)
                0x0800d114                        . = ALIGN (0x4)

.ARM            0x0800d114        0x8
                0x0800d114                        . = ALIGN (0x4)
                0x0800d114                        __exidx_start = .
 *(.ARM.exidx*)
 .ARM.exidx     0x0800d114        0x8 /opt/st/stm32cubeide_1.19.0/plugins/com.st.stm32cube.ide.mcu.externaltools.gnu-tools-for-stm32.13.3.rel1.linux64_1.0.0.202410170706/tools/bin/../lib/gcc/arm-none-eabi/13.3.1/thumb/v7e-m+fp/hard/libgcc.a(_udivmoddi4.o)
                0x0800d11c                        __exidx_end = .
                0x0800d11c                        . = ALIGN (0x4)

.preinit_array  0x0800d11c        0x0
                0x0800d11c                        . = ALIGN (0x4)
                0x0800d11c                        PROVIDE (__preinit_array_start = .)
 *(.preinit_array*)
                0x0800d11c                        PROVIDE (__preinit_array_end = .)
                0x0800d11c                        . = ALIGN (0x4)

.init_array     0x0800d11c        0x4
                0x0800d11c                        . = ALIGN (0x4)
                0x0800d11c                        PROVIDE (__init_array_start = .)
 *(SORT_BY_NAME(.init_array.*))
 *(.init_array*)
 .init_array    0x0800d11c        0x4 /opt/st/stm32cubeide_1.19.0/plugins/com.st.stm32cube.ide.mcu.externaltools.gnu-tools-for-stm32.13.3.rel1.linux64_1.0.0.202410170706/tools/bin/../lib/gcc/arm-none-eabi/13.3.1/thumb/v7e-m+fp/hard/crtbegin.o
                0x0800d120                        PROVIDE (__init_array_end = .)
                0x0800d120                        . = ALIGN (0x4)

.fini_array     0x0800d120        0x4
                0x0800d120                        . = ALIGN (0x4)
                [!provide]                        PROVIDE (__fini_array_start = .)
 *(SORT_BY_NAME(.fini_array.*))
 *(.fini_array*)
 .fini_array    0x0800d120        0x4 /opt/st/stm32cubeide_1.19.0/plugins/com.st.stm32cube.ide.mcu.externaltools.gnu-tools-for-stm32.13.3.rel1.linux64_1.0.0.202410170706/tools/bin/../lib/gcc/arm-none-eabi/13.3.1/thumb/v7e-m+fp/hard/crtbegin.o
                [!provide]                        PROVIDE (__fini_array_end = .)
                0x0800d124                        . = ALIGN (0x4)
                0x0800d124                        _sidata = LOADADDR (.data)

.rel.dyn        0x0800d124        0x0
 .rel.iplt      0x0800d124        0x0 /opt/st/stm32cubeide_1.19.0/plugins/com.st.stm32cube.ide.mcu.externaltools.gnu-tools-for-stm32.13.3.rel1.linux64_1.0.0.202410170706/tools/bin/../lib/gcc/arm-none-eabi/13.3.1/thumb/v7e-m+fp/hard/crtbegin.o

.data           0x20000000       0x80 load address 0x0800d124
                0x20000000                        . = ALIGN (0x4)
                0x20000000                        _sdata = .
 *(.data)
 *(.data*)
 .data.SystemCoreClock
                0x20000000        0x4 ./Core/Src/system_stm32f4xx.o
                0x20000000                SystemCoreClock
 .data.uwTickPrio
                0x20000004        0x4 ./Drivers/STM32F4xx_HAL_Driver/Src/stm32f4xx_hal.o
                0x20000004                uwTickPrio
 .data.uwTickFreq
                0x20000008        0x1 ./Drivers/STM32F4xx_HAL_Driver/Src/stm32f4xx_hal.o
                0x20000008                uwTickFreq
 *fill*         0x20000009        0x3 
 .data.CDC_Class
                0x2000000c       0x20 ./Middlewares/ST/STM32_USB_Host_Library/Class/CDC/Src/usbh_cdc.o
                0x2000000c                CDC_Class
 .data.uxCriticalNesting
                0x2000002c        0x4 ./Middlewares/Third_Party/FreeRTOS/Source/portable/GCC/ARM_CM4F/port.o
 .data._impure_ptr
                0x20000030        0x4 /opt/st/stm32cubeide_1.19.0/plugins/com.st.stm32cube.ide.mcu.externaltools.gnu-tools-for-stm32.13.3.rel1.linux64_1.0.0.202410170706/tools/bin/../lib/gcc/arm-none-eabi/13.3.1/../../../../arm-none-eabi/lib/thumb/v7e-m+fp/hard/libc_nano.a(libc_a-impure.o)
                0x20000030                _impure_ptr
 .data._impure_data
                0x20000034       0x4c /opt/st/stm32cubeide_1.19.0/plugins/com.st.stm32cube.ide.mcu.externaltools.gnu-tools-for-stm32.13.3.rel1.linux64_1.0.0.202410170706/tools/bin/../lib/gcc/arm-none-eabi/13.3.1/../../../../arm-none-eabi/lib/thumb/v7e-m+fp/hard/libc_nano.a(libc_a-impure.o)
                0x20000034                _impure_data
 *(.RamFunc)
 *(.RamFunc*)
                0x20000080                        . = ALIGN (0x4)
                0x20000080                        _edata = .
                0x0800d1a4                        _siccmram = LOADADDR (.ccmram)

.igot.plt       0x20000080        0x0 load address 0x0800d1a4
 .igot.plt      0x20000080        0x0 /opt/st/stm32cubeide_1.19.0/plugins/com.st.stm32cube.ide.mcu.externaltools.gnu-tools-for-stm32.13.3.rel1.linux64_1.0.0.202410170706/tools/bin/../lib/gcc/arm-none-eabi/13.3.1/thumb/v7e-m+fp/hard/crtbegin.o

.ccmram         0x10000000        0x0 load address 0x0800d1a4
                0x10000000                        . = ALIGN (0x4)
                0x10000000                        _sccmram = .
 *(.ccmram)
 *(.ccmram*)
                0x10000000                        . = ALIGN (0x4)
                0x10000000                        _eccmram = .
                0x10000000                        . = ALIGN (0x4)

.bss            0x20000080     0x8f90
                0x20000080                        _sbss = .
                0x20000080                        __bss_start__ = _sbss
 *(.bss)
 .bss           0x20000080       0x1c /opt/st/stm32cubeide_1.19.0/plugins/com.st.stm32cube.ide.mcu.externaltools.gnu-tools-for-stm32.13.3.rel1.linux64_1.0.0.202410170706/tools/bin/../lib/gcc/arm-none-eabi/13.3.1/thumb/v7e-m+fp/hard/crtbegin.o
 *(.bss*)
 .bss.xIdleTaskTCBBuffer
                0x2000009c       0x58 ./Core/Src/freertos.o
 .bss.xIdleStack
                0x200000f4      0x200 ./Core/Src/freertos.o
 .bss.hcrc      0x200002f4        0x8 ./Core/Src/main.o
                0x200002f4                hcrc
 .bss.hdma2d    0x200002fc       0x40 ./Core/Src/main.o
                0x200002fc                hdma2d
 .bss.hi2c3     0x2000033c       0x54 ./Core/Src/main.o
                0x2000033c                hi2c3
 .bss.hltdc     0x20000390       0xa8 ./Core/Src/main.o
                0x20000390                hltdc
 .bss.hspi5     0x20000438       0x58 ./Core/Src/main.o
                0x20000438                hspi5
 .bss.htim1     0x20000490       0x48 ./Core/Src/main.o
                0x20000490                htim1
 .bss.huart1    0x200004d8       0x48 ./Core/Src/main.o
                0x200004d8                huart1
 .bss.hsdram1   0x20000520       0x34 ./Core/Src/main.o
                0x20000520                hsdram1
 .bss.defaultTaskHandle
                0x20000554        0x4 ./Core/Src/main.o
                0x20000554                defaultTaskHandle
 .bss.FMC_Initialized
                0x20000558        0x4 ./Core/Src/stm32f4xx_hal_msp.o
 .bss.htim6     0x2000055c       0x48 ./Core/Src/stm32f4xx_hal_timebase_tim.o
                0x2000055c                htim6
 .bss.__sbrk_heap_end
                0x200005a4        0x4 ./Core/Src/sysmem.o
 .bss.uwTick    0x200005a8        0x4 ./Drivers/STM32F4xx_HAL_Driver/Src/stm32f4xx_hal.o
                0x200005a8                uwTick
 .bss.pxCurrentTCB
                0x200005ac        0x4 ./Middlewares/Third_Party/FreeRTOS/Source/tasks.o
                0x200005ac                pxCurrentTCB
 .bss.pxReadyTasksLists
                0x200005b0       0x8c ./Middlewares/Third_Party/FreeRTOS/Source/tasks.o
 .bss.xDelayedTaskList1
                0x2000063c       0x14 ./Middlewares/Third_Party/FreeRTOS/Source/tasks.o
 .bss.xDelayedTaskList2
                0x20000650       0x14 ./Middlewares/Third_Party/FreeRTOS/Source/tasks.o
 .bss.pxDelayedTaskList
                0x20000664        0x4 ./Middlewares/Third_Party/FreeRTOS/Source/tasks.o
 .bss.pxOverflowDelayedTaskList
                0x20000668        0x4 ./Middlewares/Third_Party/FreeRTOS/Source/tasks.o
 .bss.xPendingReadyList
                0x2000066c       0x14 ./Middlewares/Third_Party/FreeRTOS/Source/tasks.o
 .bss.xTasksWaitingTermination
                0x20000680       0x14 ./Middlewares/Third_Party/FreeRTOS/Source/tasks.o
 .bss.uxDeletedTasksWaitingCleanUp
                0x20000694        0x4 ./Middlewares/Third_Party/FreeRTOS/Source/tasks.o
 .bss.xSuspendedTaskList
                0x20000698       0x14 ./Middlewares/Third_Party/FreeRTOS/Source/tasks.o
 .bss.uxCurrentNumberOfTasks
                0x200006ac        0x4 ./Middlewares/Third_Party/FreeRTOS/Source/tasks.o
 .bss.xTickCount
                0x200006b0        0x4 ./Middlewares/Third_Party/FreeRTOS/Source/tasks.o
 .bss.uxTopReadyPriority
                0x200006b4        0x4 ./Middlewares/Third_Party/FreeRTOS/Source/tasks.o
 .bss.xSchedulerRunning
                0x200006b8        0x4 ./Middlewares/Third_Party/FreeRTOS/Source/tasks.o
 .bss.xPendedTicks
                0x200006bc        0x4 ./Middlewares/Third_Party/FreeRTOS/Source/tasks.o
 .bss.xYieldPending
                0x200006c0        0x4 ./Middlewares/Third_Party/FreeRTOS/Source/tasks.o
 .bss.xNumOfOverflows
                0x200006c4        0x4 ./Middlewares/Third_Party/FreeRTOS/Source/tasks.o
 .bss.uxTaskNumber
                0x200006c8        0x4 ./Middlewares/Third_Party/FreeRTOS/Source/tasks.o
 .bss.xNextTaskUnblockTime
                0x200006cc        0x4 ./Middlewares/Third_Party/FreeRTOS/Source/tasks.o
 .bss.xIdleTaskHandle
                0x200006d0        0x4 ./Middlewares/Third_Party/FreeRTOS/Source/tasks.o
 .bss.uxSchedulerSuspended
                0x200006d4        0x4 ./Middlewares/Third_Party/FreeRTOS/Source/tasks.o
 .bss.ucMaxSysCallPriority
                0x200006d8        0x1 ./Middlewares/Third_Party/FreeRTOS/Source/portable/GCC/ARM_CM4F/port.o
 *fill*         0x200006d9        0x3 
 .bss.ulMaxPRIGROUPValue
                0x200006dc        0x4 ./Middlewares/Third_Party/FreeRTOS/Source/portable/GCC/ARM_CM4F/port.o
 .bss.ucHeap    0x200006e0     0x8000 ./Middlewares/Third_Party/FreeRTOS/Source/portable/MemMang/heap_4.o
 .bss.xStart    0x200086e0        0x8 ./Middlewares/Third_Party/FreeRTOS/Source/portable/MemMang/heap_4.o
 .bss.pxEnd     0x200086e8        0x4 ./Middlewares/Third_Party/FreeRTOS/Source/portable/MemMang/heap_4.o
 .bss.xFreeBytesRemaining
                0x200086ec        0x4 ./Middlewares/Third_Party/FreeRTOS/Source/portable/MemMang/heap_4.o
 .bss.xMinimumEverFreeBytesRemaining
                0x200086f0        0x4 ./Middlewares/Third_Party/FreeRTOS/Source/portable/MemMang/heap_4.o
 .bss.xNumberOfSuccessfulAllocations
                0x200086f4        0x4 ./Middlewares/Third_Party/FreeRTOS/Source/portable/MemMang/heap_4.o
 .bss.xNumberOfSuccessfulFrees
                0x200086f8        0x4 ./Middlewares/Third_Party/FreeRTOS/Source/portable/MemMang/heap_4.o
 .bss.xBlockAllocatedBit
                0x200086fc        0x4 ./Middlewares/Third_Party/FreeRTOS/Source/portable/MemMang/heap_4.o
 .bss.hUsbHostHS
                0x20008700      0x3e4 ./USB_HOST/App/usb_host.o
                0x20008700                hUsbHostHS
 .bss.Appli_state
                0x20008ae4        0x1 ./USB_HOST/App/usb_host.o
                0x20008ae4                Appli_state
 *fill*         0x20008ae5        0x3 
 .bss.hhcd_USB_OTG_HS
                0x20008ae8      0x3e0 ./USB_HOST/Target/usbh_conf.o
                0x20008ae8                hhcd_USB_OTG_HS
 .bss.__malloc_sbrk_start
                0x20008ec8        0x4 /opt/st/stm32cubeide_1.19.0/plugins/com.st.stm32cube.ide.mcu.externaltools.gnu-tools-for-stm32.13.3.rel1.linux64_1.0.0.202410170706/tools/bin/../lib/gcc/arm-none-eabi/13.3.1/../../../../arm-none-eabi/lib/thumb/v7e-m+fp/hard/libc_nano.a(libc_a-mallocr.o)
                0x20008ec8                __malloc_sbrk_start
 .bss.__malloc_free_list
                0x20008ecc        0x4 /opt/st/stm32cubeide_1.19.0/plugins/com.st.stm32cube.ide.mcu.externaltools.gnu-tools-for-stm32.13.3.rel1.linux64_1.0.0.202410170706/tools/bin/../lib/gcc/arm-none-eabi/13.3.1/../../../../arm-none-eabi/lib/thumb/v7e-m+fp/hard/libc_nano.a(libc_a-mallocr.o)
                0x20008ecc                __malloc_free_list
 .bss.__sf      0x20008ed0      0x138 /opt/st/stm32cubeide_1.19.0/plugins/com.st.stm32cube.ide.mcu.externaltools.gnu-tools-for-stm32.13.3.rel1.linux64_1.0.0.202410170706/tools/bin/../lib/gcc/arm-none-eabi/13.3.1/../../../../arm-none-eabi/lib/thumb/v7e-m+fp/hard/libc_nano.a(libc_a-findfp.o)
                0x20008ed0                __sf
 .bss.errno     0x20009008        0x4 /opt/st/stm32cubeide_1.19.0/plugins/com.st.stm32cube.ide.mcu.externaltools.gnu-tools-for-stm32.13.3.rel1.linux64_1.0.0.202410170706/tools/bin/../lib/gcc/arm-none-eabi/13.3.1/../../../../arm-none-eabi/lib/thumb/v7e-m+fp/hard/libc_nano.a(libc_a-reent.o)
                0x20009008                errno
 .bss.__lock___malloc_recursive_mutex
                0x2000900c        0x1 /opt/st/stm32cubeide_1.19.0/plugins/com.st.stm32cube.ide.mcu.externaltools.gnu-tools-for-stm32.13.3.rel1.linux64_1.0.0.202410170706/tools/bin/../lib/gcc/arm-none-eabi/13.3.1/../../../../arm-none-eabi/lib/thumb/v7e-m+fp/hard/libc_nano.a(libc_a-lock.o)
                0x2000900c                __lock___malloc_recursive_mutex
 *(COMMON)
                0x20009010                        . = ALIGN (0x4)
 *fill*         0x2000900d        0x3 
                0x20009010                        _ebss = .
                0x20009010                        __bss_end__ = _ebss

._user_heap_stack
                0x20009010      0x600
                0x20009010                        . = ALIGN (0x8)
                [!provide]                        PROVIDE (end = .)
                0x20009010                        PROVIDE (_end = .)
                0x20009210                        . = (. + _Min_Heap_Size)
 *fill*         0x20009010      0x200 
                0x20009610                        . = (. + _Min_Stack_Size)
 *fill*         0x20009210      0x400 
                0x20009610                        . = ALIGN (0x8)

/DISCARD/
 libc.a(*)
 libm.a(*)
 libgcc.a(*)

.ARM.attributes
                0x00000000       0x30
 *(.ARM.attributes)
 .ARM.attributes
                0x00000000       0x22 /opt/st/stm32cubeide_1.19.0/plugins/com.st.stm32cube.ide.mcu.externaltools.gnu-tools-for-stm32.13.3.rel1.linux64_1.0.0.202410170706/tools/bin/../lib/gcc/arm-none-eabi/13.3.1/thumb/v7e-m+fp/hard/crti.o
 .ARM.attributes
                0x00000022       0x34 /opt/st/stm32cubeide_1.19.0/plugins/com.st.stm32cube.ide.mcu.externaltools.gnu-tools-for-stm32.13.3.rel1.linux64_1.0.0.202410170706/tools/bin/../lib/gcc/arm-none-eabi/13.3.1/thumb/v7e-m+fp/hard/crtbegin.o
 .ARM.attributes
                0x00000056       0x34 ./Core/Src/freertos.o
 .ARM.attributes
                0x0000008a       0x34 ./Core/Src/main.o
 .ARM.attributes
                0x000000be       0x34 ./Core/Src/stm32f4xx_hal_msp.o
 .ARM.attributes
                0x000000f2       0x34 ./Core/Src/stm32f4xx_hal_timebase_tim.o
 .ARM.attributes
                0x00000126       0x34 ./Core/Src/stm32f4xx_it.o
 .ARM.attributes
                0x0000015a       0x34 ./Core/Src/sysmem.o
 .ARM.attributes
                0x0000018e       0x34 ./Core/Src/system_stm32f4xx.o
 .ARM.attributes
                0x000001c2       0x21 ./Core/Startup/startup_stm32f429zitx.o
 .ARM.attributes
                0x000001e3       0x34 ./Drivers/STM32F4xx_HAL_Driver/Src/stm32f4xx_hal.o
 .ARM.attributes
                0x00000217       0x34 ./Drivers/STM32F4xx_HAL_Driver/Src/stm32f4xx_hal_cortex.o
 .ARM.attributes
                0x0000024b       0x34 ./Drivers/STM32F4xx_HAL_Driver/Src/stm32f4xx_hal_crc.o
 .ARM.attributes
                0x0000027f       0x34 ./Drivers/STM32F4xx_HAL_Driver/Src/stm32f4xx_hal_dma2d.o
 .ARM.attributes
                0x000002b3       0x34 ./Drivers/STM32F4xx_HAL_Driver/Src/stm32f4xx_hal_gpio.o
 .ARM.attributes
                0x000002e7       0x34 ./Drivers/STM32F4xx_HAL_Driver/Src/stm32f4xx_hal_hcd.o
 .ARM.attributes
                0x0000031b       0x34 ./Drivers/STM32F4xx_HAL_Driver/Src/stm32f4xx_hal_i2c.o
 .ARM.attributes
                0x0000034f       0x34 ./Drivers/STM32F4xx_HAL_Driver/Src/stm32f4xx_hal_i2c_ex.o
 .ARM.attributes
                0x00000383       0x34 ./Drivers/STM32F4xx_HAL_Driver/Src/stm32f4xx_hal_ltdc.o
 .ARM.attributes
                0x000003b7       0x34 ./Drivers/STM32F4xx_HAL_Driver/Src/stm32f4xx_hal_rcc.o
 .ARM.attributes
                0x000003eb       0x34 ./Drivers/STM32F4xx_HAL_Driver/Src/stm32f4xx_hal_rcc_ex.o
 .ARM.attributes
                0x0000041f       0x34 ./Drivers/STM32F4xx_HAL_Driver/Src/stm32f4xx_hal_sdram.o
 .ARM.attributes
                0x00000453       0x34 ./Drivers/STM32F4xx_HAL_Driver/Src/stm32f4xx_hal_spi.o
 .ARM.attributes
                0x00000487       0x34 ./Drivers/STM32F4xx_HAL_Driver/Src/stm32f4xx_hal_tim.o
 .ARM.attributes
                0x000004bb       0x34 ./Drivers/STM32F4xx_HAL_Driver/Src/stm32f4xx_hal_tim_ex.o
 .ARM.attributes
                0x000004ef       0x34 ./Drivers/STM32F4xx_HAL_Driver/Src/stm32f4xx_hal_uart.o
 .ARM.attributes
                0x00000523       0x34 ./Drivers/STM32F4xx_HAL_Driver/Src/stm32f4xx_ll_fmc.o
 .ARM.attributes
                0x00000557       0x34 ./Drivers/STM32F4xx_HAL_Driver/Src/stm32f4xx_ll_usb.o
 .ARM.attributes
                0x0000058b       0x34 ./Middlewares/ST/STM32_USB_Host_Library/Class/CDC/Src/usbh_cdc.o
 .ARM.attributes
                0x000005bf       0x34 ./Middlewares/ST/STM32_USB_Host_Library/Core/Src/usbh_core.o
 .ARM.attributes
                0x000005f3       0x34 ./Middlewares/ST/STM32_USB_Host_Library/Core/Src/usbh_ctlreq.o
 .ARM.attributes
                0x00000627       0x34 ./Middlewares/ST/STM32_USB_Host_Library/Core/Src/usbh_ioreq.o
 .ARM.attributes
                0x0000065b       0x34 ./Middlewares/ST/STM32_USB_Host_Library/Core/Src/usbh_pipes.o
 .ARM.attributes
                0x0000068f       0x34 ./Middlewares/Third_Party/FreeRTOS/Source/CMSIS_RTOS/cmsis_os.o
 .ARM.attributes
                0x000006c3       0x34 ./Middlewares/Third_Party/FreeRTOS/Source/list.o
 .ARM.attributes
                0x000006f7       0x34 ./Middlewares/Third_Party/FreeRTOS/Source/queue.o
 .ARM.attributes
                0x0000072b       0x34 ./Middlewares/Third_Party/FreeRTOS/Source/tasks.o
 .ARM.attributes
                0x0000075f       0x34 ./Middlewares/Third_Party/FreeRTOS/Source/portable/GCC/ARM_CM4F/port.o
 .ARM.attributes
                0x00000793       0x34 ./Middlewares/Third_Party/FreeRTOS/Source/portable/MemMang/heap_4.o
 .ARM.attributes
                0x000007c7       0x34 ./USB_HOST/App/usb_host.o
 .ARM.attributes
                0x000007fb       0x34 ./USB_HOST/Target/usbh_conf.o
 .ARM.attributes
                0x0000082f       0x34 ./USB_HOST/Target/usbh_platform.o
 .ARM.attributes
                0x00000863       0x34 /opt/st/stm32cubeide_1.19.0/plugins/com.st.stm32cube.ide.mcu.externaltools.gnu-tools-for-stm32.13.3.rel1.linux64_1.0.0.202410170706/tools/bin/../lib/gcc/arm-none-eabi/13.3.1/../../../../arm-none-eabi/lib/thumb/v7e-m+fp/hard/libc_nano.a(libc_a-malloc.o)
 .ARM.attributes
                0x00000897       0x34 /opt/st/stm32cubeide_1.19.0/plugins/com.st.stm32cube.ide.mcu.externaltools.gnu-tools-for-stm32.13.3.rel1.linux64_1.0.0.202410170706/tools/bin/../lib/gcc/arm-none-eabi/13.3.1/../../../../arm-none-eabi/lib/thumb/v7e-m+fp/hard/libc_nano.a(libc_a-mallocr.o)
 .ARM.attributes
                0x000008cb       0x34 /opt/st/stm32cubeide_1.19.0/plugins/com.st.stm32cube.ide.mcu.externaltools.gnu-tools-for-stm32.13.3.rel1.linux64_1.0.0.202410170706/tools/bin/../lib/gcc/arm-none-eabi/13.3.1/../../../../arm-none-eabi/lib/thumb/v7e-m+fp/hard/libc_nano.a(libc_a-mlock.o)
 .ARM.attributes
                0x000008ff       0x34 /opt/st/stm32cubeide_1.19.0/plugins/com.st.stm32cube.ide.mcu.externaltools.gnu-tools-for-stm32.13.3.rel1.linux64_1.0.0.202410170706/tools/bin/../lib/gcc/arm-none-eabi/13.3.1/../../../../arm-none-eabi/lib/thumb/v7e-m+fp/hard/libc_nano.a(libc_a-findfp.o)
 .ARM.attributes
                0x00000933       0x34 /opt/st/stm32cubeide_1.19.0/plugins/com.st.stm32cube.ide.mcu.externaltools.gnu-tools-for-stm32.13.3.rel1.linux64_1.0.0.202410170706/tools/bin/../lib/gcc/arm-none-eabi/13.3.1/../../../../arm-none-eabi/lib/thumb/v7e-m+fp/hard/libc_nano.a(libc_a-memset.o)
 .ARM.attributes
                0x00000967       0x34 /opt/st/stm32cubeide_1.19.0/plugins/com.st.stm32cube.ide.mcu.externaltools.gnu-tools-for-stm32.13.3.rel1.linux64_1.0.0.202410170706/tools/bin/../lib/gcc/arm-none-eabi/13.3.1/../../../../arm-none-eabi/lib/thumb/v7e-m+fp/hard/libc_nano.a(libc_a-reent.o)
 .ARM.attributes
                0x0000099b       0x34 /opt/st/stm32cubeide_1.19.0/plugins/com.st.stm32cube.ide.mcu.externaltools.gnu-tools-for-stm32.13.3.rel1.linux64_1.0.0.202410170706/tools/bin/../lib/gcc/arm-none-eabi/13.3.1/../../../../arm-none-eabi/lib/thumb/v7e-m+fp/hard/libc_nano.a(libc_a-impure.o)
 .ARM.attributes
                0x000009cf       0x34 /opt/st/stm32cubeide_1.19.0/plugins/com.st.stm32cube.ide.mcu.externaltools.gnu-tools-for-stm32.13.3.rel1.linux64_1.0.0.202410170706/tools/bin/../lib/gcc/arm-none-eabi/13.3.1/../../../../arm-none-eabi/lib/thumb/v7e-m+fp/hard/libc_nano.a(libc_a-sbrkr.o)
 .ARM.attributes
                0x00000a03       0x34 /opt/st/stm32cubeide_1.19.0/plugins/com.st.stm32cube.ide.mcu.externaltools.gnu-tools-for-stm32.13.3.rel1.linux64_1.0.0.202410170706/tools/bin/../lib/gcc/arm-none-eabi/13.3.1/../../../../arm-none-eabi/lib/thumb/v7e-m+fp/hard/libc_nano.a(libc_a-errno.o)
 .ARM.attributes
                0x00000a37       0x34 /opt/st/stm32cubeide_1.19.0/plugins/com.st.stm32cube.ide.mcu.externaltools.gnu-tools-for-stm32.13.3.rel1.linux64_1.0.0.202410170706/tools/bin/../lib/gcc/arm-none-eabi/13.3.1/../../../../arm-none-eabi/lib/thumb/v7e-m+fp/hard/libc_nano.a(libc_a-init.o)
 .ARM.attributes
                0x00000a6b       0x34 /opt/st/stm32cubeide_1.19.0/plugins/com.st.stm32cube.ide.mcu.externaltools.gnu-tools-for-stm32.13.3.rel1.linux64_1.0.0.202410170706/tools/bin/../lib/gcc/arm-none-eabi/13.3.1/../../../../arm-none-eabi/lib/thumb/v7e-m+fp/hard/libc_nano.a(libc_a-lock.o)
 .ARM.attributes
                0x00000a9f       0x34 /opt/st/stm32cubeide_1.19.0/plugins/com.st.stm32cube.ide.mcu.externaltools.gnu-tools-for-stm32.13.3.rel1.linux64_1.0.0.202410170706/tools/bin/../lib/gcc/arm-none-eabi/13.3.1/../../../../arm-none-eabi/lib/thumb/v7e-m+fp/hard/libc_nano.a(libc_a-memcpy-stub.o)
 .ARM.attributes
                0x00000ad3       0x34 /opt/st/stm32cubeide_1.19.0/plugins/com.st.stm32cube.ide.mcu.externaltools.gnu-tools-for-stm32.13.3.rel1.linux64_1.0.0.202410170706/tools/bin/../lib/gcc/arm-none-eabi/13.3.1/../../../../arm-none-eabi/lib/thumb/v7e-m+fp/hard/libc_nano.a(libc_a-freer.o)
 .ARM.attributes
                0x00000b07       0x22 /opt/st/stm32cubeide_1.19.0/plugins/com.st.stm32cube.ide.mcu.externaltools.gnu-tools-for-stm32.13.3.rel1.linux64_1.0.0.202410170706/tools/bin/../lib/gcc/arm-none-eabi/13.3.1/thumb/v7e-m+fp/hard/libgcc.a(_aeabi_uldivmod.o)
 .ARM.attributes
                0x00000b29       0x34 /opt/st/stm32cubeide_1.19.0/plugins/com.st.stm32cube.ide.mcu.externaltools.gnu-tools-for-stm32.13.3.rel1.linux64_1.0.0.202410170706/tools/bin/../lib/gcc/arm-none-eabi/13.3.1/thumb/v7e-m+fp/hard/libgcc.a(_udivmoddi4.o)
 .ARM.attributes
                0x00000b5d       0x22 /opt/st/stm32cubeide_1.19.0/plugins/com.st.stm32cube.ide.mcu.externaltools.gnu-tools-for-stm32.13.3.rel1.linux64_1.0.0.202410170706/tools/bin/../lib/gcc/arm-none-eabi/13.3.1/thumb/v7e-m+fp/hard/libgcc.a(_dvmd_tls.o)
 .ARM.attributes
                0x00000b7f       0x22 /opt/st/stm32cubeide_1.19.0/plugins/com.st.stm32cube.ide.mcu.externaltools.gnu-tools-for-stm32.13.3.rel1.linux64_1.0.0.202410170706/tools/bin/../lib/gcc/arm-none-eabi/13.3.1/thumb/v7e-m+fp/hard/crtn.o
OUTPUT(s.elf elf32-littlearm)
LOAD linker stubs
LOAD /opt/st/stm32cubeide_1.19.0/plugins/com.st.stm32cube.ide.mcu.externaltools.gnu-tools-for-stm32.13.3.rel1.linux64_1.0.0.202410170706/tools/bin/../lib/gcc/arm-none-eabi/13.3.1/../../../../arm-none-eabi/lib/thumb/v7e-m+fp/hard/libc.a
LOAD /opt/st/stm32cubeide_1.19.0/plugins/com.st.stm32cube.ide.mcu.externaltools.gnu-tools-for-stm32.13.3.rel1.linux64_1.0.0.202410170706/tools/bin/../lib/gcc/arm-none-eabi/13.3.1/../../../../arm-none-eabi/lib/thumb/v7e-m+fp/hard/libm.a
LOAD /opt/st/stm32cubeide_1.19.0/plugins/com.st.stm32cube.ide.mcu.externaltools.gnu-tools-for-stm32.13.3.rel1.linux64_1.0.0.202410170706/tools/bin/../lib/gcc/arm-none-eabi/13.3.1/thumb/v7e-m+fp/hard/libgcc.a

.debug_info     0x00000000    0x295ee
 .debug_info    0x00000000      0x2f5 ./Core/Src/freertos.o
 .debug_info    0x000002f5     0x2523 ./Core/Src/main.o
 .debug_info    0x00002818     0x22cf ./Core/Src/stm32f4xx_hal_msp.o