../Core/Src/syscalls.c:33:20:ITM_PutChar_IfEnabled	16	static
../Core/Src/syscalls.c:44:5:_write	32	static
../Core/Src/syscalls.c:68:6:initialise_monitor_handles	4	static
../Core/Src/syscalls.c:72:5:_getpid	4	static
../Core/Src/syscalls.c:77:5:_kill	16	static
../Core/Src/syscalls.c:85:6:_exit	16	static
../Core/Src/syscalls.c:91:27:_read	32	static
../Core/Src/syscalls.c:106:5:_close	16	static
../Core/Src/syscalls.c:113:5:_fstat	16	static
../Core/Src/syscalls.c:120:5:_isatty	16	static
../Core/Src/syscalls.c:126:5:_lseek	24	static
../Core/Src/syscalls.c:134:5:_open	12	static
../Core/Src/syscalls.c:142:5:_wait	16	static
../Core/Src/syscalls.c:149:5:_unlink	16	static
../Core/Src/syscalls.c:156:5:_times	16	static
../Core/Src/syscalls.c:162:5:_stat	16	static
../Core/Src/syscalls.c:169:5:_link	16	static
../Core/Src/syscalls.c:177:5:_fork	8	static
../Core/Src/syscalls.c:183:5:_execve	24	static
